[    1188ms] [WARNING] Caught a recoverable error. The site is still functional, but might have some UI flickering or degraded page load performance. If you are the author of this website, update external components and check recently added custom code or code overrides to fix the following server/client mismatches:
 Error: Minified React error #425; visit https://reactjs.org/docs/error-decoder.html?invariant=425 for the full message or use the non-minified dev environment for full errors and additional helpful warnings.
    at Ii (https://framerusercontent.com/sites/HpXkx7LMLmT5DJ5C7LTgx/react.DEKhuLKM.mjs:6:68)
    at us (https://framerusercontent.com/sites/HpXkx7LMLmT5DJ5C7LTgx/react.DEKhuLKM.mjs:8:14044)
    at ec (https://framerusercontent.com/sites/HpXkx7LMLmT5DJ5C7LTgx/react.DEKhuLKM.mjs:8:37372)
    at $s (https://framerusercontent.com/sites/HpXkx7LMLmT5DJ5C7LTgx/react.DEKhuLKM.mjs:8:37134)
    at Qs (https://framerusercontent.com/sites/HpXkx7LMLmT5DJ5C7LTgx/react.DEKhuLKM.mjs:8:37046)
    at Ls (https://framerusercontent.com/sites/HpXkx7LMLmT5DJ5C7LTgx/react.DEKhuLKM.mjs:8:32130)
    at wt (https://framerusercontent.com/sites/HpXkx7LMLmT5DJ5C7LTgx/react.DEKhuLKM.mjs:1:10651)
    at MessagePort.Et (https://framerusercontent.com/sites/HpXkx7LMLmT5DJ5C7LTgx/react.DEKhuLKM.mjs:1:11006) 
    at style
    at div
    at div
    at c (https://framerusercontent.com/sites/HpXkx7LMLmT5DJ5C7LTgx/motion.CZCgk-Ew.mjs:9:5742)
    at ce (https://framerusercontent.com/sites/HpXkx7LMLmT5DJ5C7LTgx/Yej_aT5yT.HoEc4mfR.mjs:1:5398)
    at div
    at P (https://framerusercontent.com/sites/HpXkx7LMLmT5DJ5C7LTgx/Yej_aT5yT.HoEc4mfR.mjs:17:52)
    at div
    at https://framerusercontent.com/sites/HpXkx7LMLmT5DJ5C7LTgx/framer.geetHFZ_.mjs:915:26561
    at https://framerusercontent.com/sites/HpXkx7LMLmT5DJ5C7LTgx/framer.geetHFZ_.mjs:77:35696
    at sT (https://framerusercontent.com/sites/HpXkx7LMLmT5DJ5C7LTgx/framer.geetHFZ_.mjs:922:708)
    at Suspense
    at ou (https://framerusercontent.com/sites/HpXkx7LMLmT5DJ5C7LTgx/framer.geetHFZ_.mjs:49:70763)
    at fu (https://framerusercontent.com/sites/HpXkx7LMLmT5DJ5C7LTgx/framer.geetHFZ_.mjs:49:71427)
    at du (https://framerusercontent.com/sites/HpXkx7LMLmT5DJ5C7LTgx/framer.geetHFZ_.mjs:49:71289)
    at lf (https://framerusercontent.com/sites/HpXkx7LMLmT5DJ5C7LTgx/motion.CZCgk-Ew.mjs:9:71595)
    at Za (https://framerusercontent.com/sites/HpXkx7LMLmT5DJ5C7LTgx/framer.geetHFZ_.mjs:49:23949)
    at div
    at c (https://framerusercontent.com/sites/HpXkx7LMLmT5DJ5C7LTgx/motion.CZCgk-Ew.mjs:9:5742)
    at https://framerusercontent.com/sites/HpXkx7LMLmT5DJ5C7LTgx/framer.geetHFZ_.mjs:922:1455
    at https://framerusercontent.com/sites/HpXkx7LMLmT5DJ5C7LTgx/framer.geetHFZ_.mjs:915:32042
    at https://framerusercontent.com/sites/HpXkx7LMLmT5DJ5C7LTgx/framer.geetHFZ_.mjs:915:31855
    at div
    at div
    at c (https://framerusercontent.com/sites/HpXkx7LMLmT5DJ5C7LTgx/motion.CZCgk-Ew.mjs:9:5742)
    at div
    at c (https://framerusercontent.com/sites/HpXkx7LMLmT5DJ5C7LTgx/motion.CZCgk-Ew.mjs:9:5742)
    at lf (https://framerusercontent.com/sites/HpXkx7LMLmT5DJ5C7LTgx/motion.CZCgk-Ew.mjs:9:71595)
    at https://framerusercontent.com/sites/HpXkx7LMLmT5DJ5C7LTgx/RPHanEpuSnqkuYsIjl19BFF4nGmc1ghAxCgZ0rDKBP8.oLQjOCVu.mjs:7:136055
    at https://framerusercontent.com/sites/HpXkx7LMLmT5DJ5C7LTgx/framer.geetHFZ_.mjs:77:35696
    at https://framerusercontent.com/sites/HpXkx7LMLmT5DJ5C7LTgx/framer.geetHFZ_.mjs:3:1056
    at div
    at c (https://framerusercontent.com/sites/HpXkx7LMLmT5DJ5C7LTgx/motion.CZCgk-Ew.mjs:9:5742)
    at oa (https://framerusercontent.com/sites/HpXkx7LMLmT5DJ5C7LTgx/motion.CZCgk-Ew.mjs:9:1423)
    at lf (https://framerusercontent.com/sites/HpXkx7LMLmT5DJ5C7LTgx/motion.CZCgk-Ew.mjs:9:71595)
    at https://framerusercontent.com/sites/HpXkx7LMLmT5DJ5C7LTgx/framer.geetHFZ_.mjs:923:5130
    at lf (https://framerusercontent.com/sites/HpXkx7LMLmT5DJ5C7LTgx/motion.CZCgk-Ew.mjs:9:71595)
    at https://framerusercontent.com/sites/HpXkx7LMLmT5DJ5C7LTgx/script_main.BuIIUpYR.mjs:41:39415
    at https://framerusercontent.com/sites/HpXkx7LMLmT5DJ5C7LTgx/framer.geetHFZ_.mjs:77:35696
    at https://framerusercontent.com/sites/HpXkx7LMLmT5DJ5C7LTgx/framer.geetHFZ_.mjs:922:18762
    at Suspense
    at ou (https://framerusercontent.com/sites/HpXkx7LMLmT5DJ5C7LTgx/framer.geetHFZ_.mjs:49:70763)
    at xd (https://framerusercontent.com/sites/HpXkx7LMLmT5DJ5C7LTgx/framer.geetHFZ_.mjs:52:6441)
    at kl (https://framerusercontent.com/sites/HpXkx7LMLmT5DJ5C7LTgx/script_main.BuIIUpYR.mjs:43:298)
    at tp (https://framerusercontent.com/sites/HpXkx7LMLmT5DJ5C7LTgx/framer.geetHFZ_.mjs:54:9914)
    at Yb (https://framerusercontent.com/sites/HpXkx7LMLmT5DJ5C7LTgx/framer.geetHFZ_.mjs:77:6176)
    at Suspense
    at ou (https://framerusercontent.com/sites/HpXkx7LMLmT5DJ5C7LTgx/framer.geetHFZ_.mjs:49:70763)
    at nT (https://framerusercontent.com/sites/HpXkx7LMLmT5DJ5C7LTgx/framer.geetHFZ_.mjs:915:32142)
    at uf (https://framerusercontent.com/sites/HpXkx7LMLmT5DJ5C7LTgx/framer.geetHFZ_.mjs:52:18423)
    at yi (https://framerusercontent.com/sites/HpXkx7LMLmT5DJ5C7LTgx/framer.geetHFZ_.mjs:49:6767)
    at https://framerusercontent.com/sites/HpXkx7LMLmT5DJ5C7LTgx/framer.geetHFZ_.mjs:922:2495
    at https://framerusercontent.com/sites/HpXkx7LMLmT5DJ5C7LTgx/framer.geetHFZ_.mjs:77:35696
    at Ut (https://framerusercontent.com/sites/HpXkx7LMLmT5DJ5C7LTgx/framer.geetHFZ_.mjs:3:3254)
    at ep (https://framerusercontent.com/sites/HpXkx7LMLmT5DJ5C7LTgx/framer.geetHFZ_.mjs:54:5182)
    at pf (https://framerusercontent.com/sites/HpXkx7LMLmT5DJ5C7LTgx/framer.geetHFZ_.mjs:52:19279)
    at tD (https://framerusercontent.com/sites/HpXkx7LMLmT5DJ5C7LTgx/framer.geetHFZ_.mjs:922:18531)
    at Nn (https://framerusercontent.com/sites/HpXkx7LMLmT5DJ5C7LTgx/framer.geetHFZ_.mjs:7:9178)
    at oa (https://framerusercontent.com/sites/HpXkx7LMLmT5DJ5C7LTgx/motion.CZCgk-Ew.mjs:9:1423)
    at ci (https://framerusercontent.com/sites/HpXkx7LMLmT5DJ5C7LTgx/framer.geetHFZ_.mjs:49:6063)
    at up (https://framerusercontent.com/sites/HpXkx7LMLmT5DJ5C7LTgx/framer.geetHFZ_.mjs:54:11076)
    at BT (https://framerusercontent.com/sites/HpXkx7LMLmT5DJ5C7LTgx/framer.geetHFZ_.mjs:922:7756)
    at br (https://framerusercontent.com/sites/HpXkx7LMLmT5DJ5C7LTgx/framer.geetHFZ_.mjs:7:16117) @ https://framerusercontent.com/sites/HpXkx7LMLmT5DJ5C7LTgx/script_main.BuIIUpYR.mjs:42
[    1188ms] [WARNING] Caught a recoverable error. The site is still functional, but might have some UI flickering or degraded page load performance. If you are the author of this website, update external components and check recently added custom code or code overrides to fix the following server/client mismatches:
 Error: Minified React error #418; visit https://reactjs.org/docs/error-decoder.html?invariant=418 for the full message or use the non-minified dev environment for full errors and additional helpful warnings.
    at da (https://framerusercontent.com/sites/HpXkx7LMLmT5DJ5C7LTgx/react.DEKhuLKM.mjs:6:4235)
    at sp (https://framerusercontent.com/sites/HpXkx7LMLmT5DJ5C7LTgx/react.DEKhuLKM.mjs:8:68259)
    at $s (https://framerusercontent.com/sites/HpXkx7LMLmT5DJ5C7LTgx/react.DEKhuLKM.mjs:8:37073)
    at Qs (https://framerusercontent.com/sites/HpXkx7LMLmT5DJ5C7LTgx/react.DEKhuLKM.mjs:8:37046)
    at Ls (https://framerusercontent.com/sites/HpXkx7LMLmT5DJ5C7LTgx/react.DEKhuLKM.mjs:8:32130)
    at wt (https://framerusercontent.com/sites/HpXkx7LMLmT5DJ5C7LTgx/react.DEKhuLKM.mjs:1:10651)
    at MessagePort.Et (https://framerusercontent.com/sites/HpXkx7LMLmT5DJ5C7LTgx/react.DEKhuLKM.mjs:1:11006) 
    at div
    at c (https://framerusercontent.com/sites/HpXkx7LMLmT5DJ5C7LTgx/motion.CZCgk-Ew.mjs:9:5742)
    at ce (https://framerusercontent.com/sites/HpXkx7LMLmT5DJ5C7LTgx/Yej_aT5yT.HoEc4mfR.mjs:1:5398)
    at div
    at P (https://framerusercontent.com/sites/HpXkx7LMLmT5DJ5C7LTgx/Yej_aT5yT.HoEc4mfR.mjs:17:52)
    at div
    at https://framerusercontent.com/sites/HpXkx7LMLmT5DJ5C7LTgx/framer.geetHFZ_.mjs:915:26561
    at https://framerusercontent.com/sites/HpXkx7LMLmT5DJ5C7LTgx/framer.geetHFZ_.mjs:77:35696
    at sT (https://framerusercontent.com/sites/HpXkx7LMLmT5DJ5C7LTgx/framer.geetHFZ_.mjs:922:708)
    at Suspense
    at ou (https://framerusercontent.com/sites/HpXkx7LMLmT5DJ5C7LTgx/framer.geetHFZ_.mjs:49:70763)
    at fu (https://framerusercontent.com/sites/HpXkx7LMLmT5DJ5C7LTgx/framer.geetHFZ_.mjs:49:71427)
    at du (https://framerusercontent.com/sites/HpXkx7LMLmT5DJ5C7LTgx/framer.geetHFZ_.mjs:49:71289)
    at lf (https://framerusercontent.com/sites/HpXkx7LMLmT5DJ5C7LTgx/motion.CZCgk-Ew.mjs:9:71595)
    at Za (https://framerusercontent.com/sites/HpXkx7LMLmT5DJ5C7LTgx/framer.geetHFZ_.mjs:49:23949)
    at div
    at c (https://framerusercontent.com/sites/HpXkx7LMLmT5DJ5C7LTgx/motion.CZCgk-Ew.mjs:9:5742)
    at https://framerusercontent.com/sites/HpXkx7LMLmT5DJ5C7LTgx/framer.geetHFZ_.mjs:922:1455
    at https://framerusercontent.com/sites/HpXkx7LMLmT5DJ5C7LTgx/framer.geetHFZ_.mjs:915:32042
    at https://framerusercontent.com/sites/HpXkx7LMLmT5DJ5C7LTgx/framer.geetHFZ_.mjs:915:31855
    at div
    at div
    at c (https://framerusercontent.com/sites/HpXkx7LMLmT5DJ5C7LTgx/motion.CZCgk-Ew.mjs:9:5742)
    at div
    at c (https://framerusercontent.com/sites/HpXkx7LMLmT5DJ5C7LTgx/motion.CZCgk-Ew.mjs:9:5742)
    at lf (https://framerusercontent.com/sites/HpXkx7LMLmT5DJ5C7LTgx/motion.CZCgk-Ew.mjs:9:71595)
    at https://framerusercontent.com/sites/HpXkx7LMLmT5DJ5C7LTgx/RPHanEpuSnqkuYsIjl19BFF4nGmc1ghAxCgZ0rDKBP8.oLQjOCVu.mjs:7:136055
    at https://framerusercontent.com/sites/HpXkx7LMLmT5DJ5C7LTgx/framer.geetHFZ_.mjs:77:35696
    at https://framerusercontent.com/sites/HpXkx7LMLmT5DJ5C7LTgx/framer.geetHFZ_.mjs:3:1056
    at div
    at c (https://framerusercontent.com/sites/HpXkx7LMLmT5DJ5C7LTgx/motion.CZCgk-Ew.mjs:9:5742)
    at oa (https://framerusercontent.com/sites/HpXkx7LMLmT5DJ5C7LTgx/motion.CZCgk-Ew.mjs:9:1423)
    at lf (https://framerusercontent.com/sites/HpXkx7LMLmT5DJ5C7LTgx/motion.CZCgk-Ew.mjs:9:71595)
    at https://framerusercontent.com/sites/HpXkx7LMLmT5DJ5C7LTgx/framer.geetHFZ_.mjs:923:5130
    at lf (https://framerusercontent.com/sites/HpXkx7LMLmT5DJ5C7LTgx/motion.CZCgk-Ew.mjs:9:71595)
    at https://framerusercontent.com/sites/HpXkx7LMLmT5DJ5C7LTgx/script_main.BuIIUpYR.mjs:41:39415
    at https://framerusercontent.com/sites/HpXkx7LMLmT5DJ5C7LTgx/framer.geetHFZ_.mjs:77:35696
    at https://framerusercontent.com/sites/HpXkx7LMLmT5DJ5C7LTgx/framer.geetHFZ_.mjs:922:18762
    at Suspense
    at ou (https://framerusercontent.com/sites/HpXkx7LMLmT5DJ5C7LTgx/framer.geetHFZ_.mjs:49:70763)
    at xd (https://framerusercontent.com/sites/HpXkx7LMLmT5DJ5C7LTgx/framer.geetHFZ_.mjs:52:6441)
    at kl (https://framerusercontent.com/sites/HpXkx7LMLmT5DJ5C7LTgx/script_main.BuIIUpYR.mjs:43:298)
    at tp (https://framerusercontent.com/sites/HpXkx7LMLmT5DJ5C7LTgx/framer.geetHFZ_.mjs:54:9914)
    at Yb (https://framerusercontent.com/sites/HpXkx7LMLmT5DJ5C7LTgx/framer.geetHFZ_.mjs:77:6176)
    at Suspense
    at ou (https://framerusercontent.com/sites/HpXkx7LMLmT5DJ5C7LTgx/framer.geetHFZ_.mjs:49:70763)
    at nT (https://framerusercontent.com/sites/HpXkx7LMLmT5DJ5C7LTgx/framer.geetHFZ_.mjs:915:32142)
    at uf (https://framerusercontent.com/sites/HpXkx7LMLmT5DJ5C7LTgx/framer.geetHFZ_.mjs:52:18423)
    at yi (https://framerusercontent.com/sites/HpXkx7LMLmT5DJ5C7LTgx/framer.geetHFZ_.mjs:49:6767)
    at https://framerusercontent.com/sites/HpXkx7LMLmT5DJ5C7LTgx/framer.geetHFZ_.mjs:922:2495
    at https://framerusercontent.com/sites/HpXkx7LMLmT5DJ5C7LTgx/framer.geetHFZ_.mjs:77:35696
    at Ut (https://framerusercontent.com/sites/HpXkx7LMLmT5DJ5C7LTgx/framer.geetHFZ_.mjs:3:3254)
    at ep (https://framerusercontent.com/sites/HpXkx7LMLmT5DJ5C7LTgx/framer.geetHFZ_.mjs:54:5182)
    at pf (https://framerusercontent.com/sites/HpXkx7LMLmT5DJ5C7LTgx/framer.geetHFZ_.mjs:52:19279)
    at tD (https://framerusercontent.com/sites/HpXkx7LMLmT5DJ5C7LTgx/framer.geetHFZ_.mjs:922:18531)
    at Nn (https://framerusercontent.com/sites/HpXkx7LMLmT5DJ5C7LTgx/framer.geetHFZ_.mjs:7:9178)
    at oa (https://framerusercontent.com/sites/HpXkx7LMLmT5DJ5C7LTgx/motion.CZCgk-Ew.mjs:9:1423)
    at ci (https://framerusercontent.com/sites/HpXkx7LMLmT5DJ5C7LTgx/framer.geetHFZ_.mjs:49:6063)
    at up (https://framerusercontent.com/sites/HpXkx7LMLmT5DJ5C7LTgx/framer.geetHFZ_.mjs:54:11076)
    at BT (https://framerusercontent.com/sites/HpXkx7LMLmT5DJ5C7LTgx/framer.geetHFZ_.mjs:922:7756)
    at br (https://framerusercontent.com/sites/HpXkx7LMLmT5DJ5C7LTgx/framer.geetHFZ_.mjs:7:16117) @ https://framerusercontent.com/sites/HpXkx7LMLmT5DJ5C7LTgx/script_main.BuIIUpYR.mjs:42
[    1189ms] [WARNING] Caught a recoverable error. The site is still functional, but might have some UI flickering or degraded page load performance. If you are the author of this website, update external components and check recently added custom code or code overrides to fix the following server/client mismatches:
 Error: Minified React error #418; visit https://reactjs.org/docs/error-decoder.html?invariant=418 for the full message or use the non-minified dev environment for full errors and additional helpful warnings.
    at da (https://framerusercontent.com/sites/HpXkx7LMLmT5DJ5C7LTgx/react.DEKhuLKM.mjs:6:4235)
    at sp (https://framerusercontent.com/sites/HpXkx7LMLmT5DJ5C7LTgx/react.DEKhuLKM.mjs:8:68259)
    at $s (https://framerusercontent.com/sites/HpXkx7LMLmT5DJ5C7LTgx/react.DEKhuLKM.mjs:8:37073)
    at Qs (https://framerusercontent.com/sites/HpXkx7LMLmT5DJ5C7LTgx/react.DEKhuLKM.mjs:8:37046)
    at Ls (https://framerusercontent.com/sites/HpXkx7LMLmT5DJ5C7LTgx/react.DEKhuLKM.mjs:8:32130)
    at wt (https://framerusercontent.com/sites/HpXkx7LMLmT5DJ5C7LTgx/react.DEKhuLKM.mjs:1:10651)
    at MessagePort.Et (https://framerusercontent.com/sites/HpXkx7LMLmT5DJ5C7LTgx/react.DEKhuLKM.mjs:1:11006) 
    at div
    at c (https://framerusercontent.com/sites/HpXkx7LMLmT5DJ5C7LTgx/motion.CZCgk-Ew.mjs:9:5742)
    at ce (https://framerusercontent.com/sites/HpXkx7LMLmT5DJ5C7LTgx/Yej_aT5yT.HoEc4mfR.mjs:1:5398)
    at div
    at P (https://framerusercontent.com/sites/HpXkx7LMLmT5DJ5C7LTgx/Yej_aT5yT.HoEc4mfR.mjs:17:52)
    at div
    at https://framerusercontent.com/sites/HpXkx7LMLmT5DJ5C7LTgx/framer.geetHFZ_.mjs:915:26561
    at https://framerusercontent.com/sites/HpXkx7LMLmT5DJ5C7LTgx/framer.geetHFZ_.mjs:77:35696
    at sT (https://framerusercontent.com/sites/HpXkx7LMLmT5DJ5C7LTgx/framer.geetHFZ_.mjs:922:708)
    at Suspense
    at ou (https://framerusercontent.com/sites/HpXkx7LMLmT5DJ5C7LTgx/framer.geetHFZ_.mjs:49:70763)
    at fu (https://framerusercontent.com/sites/HpXkx7LMLmT5DJ5C7LTgx/framer.geetHFZ_.mjs:49:71427)
    at du (https://framerusercontent.com/sites/HpXkx7LMLmT5DJ5C7LTgx/framer.geetHFZ_.mjs:49:71289)
    at lf (https://framerusercontent.com/sites/HpXkx7LMLmT5DJ5C7LTgx/motion.CZCgk-Ew.mjs:9:71595)
    at Za (https://framerusercontent.com/sites/HpXkx7LMLmT5DJ5C7LTgx/framer.geetHFZ_.mjs:49:23949)
    at div
    at c (https://framerusercontent.com/sites/HpXkx7LMLmT5DJ5C7LTgx/motion.CZCgk-Ew.mjs:9:5742)
    at https://framerusercontent.com/sites/HpXkx7LMLmT5DJ5C7LTgx/framer.geetHFZ_.mjs:922:1455
    at https://framerusercontent.com/sites/HpXkx7LMLmT5DJ5C7LTgx/framer.geetHFZ_.mjs:915:32042
    at https://framerusercontent.com/sites/HpXkx7LMLmT5DJ5C7LTgx/framer.geetHFZ_.mjs:915:31855
    at div
    at div
    at c (https://framerusercontent.com/sites/HpXkx7LMLmT5DJ5C7LTgx/motion.CZCgk-Ew.mjs:9:5742)
    at div
    at c (https://framerusercontent.com/sites/HpXkx7LMLmT5DJ5C7LTgx/motion.CZCgk-Ew.mjs:9:5742)
    at lf (https://framerusercontent.com/sites/HpXkx7LMLmT5DJ5C7LTgx/motion.CZCgk-Ew.mjs:9:71595)
    at https://framerusercontent.com/sites/HpXkx7LMLmT5DJ5C7LTgx/RPHanEpuSnqkuYsIjl19BFF4nGmc1ghAxCgZ0rDKBP8.oLQjOCVu.mjs:7:136055
    at https://framerusercontent.com/sites/HpXkx7LMLmT5DJ5C7LTgx/framer.geetHFZ_.mjs:77:35696
    at https://framerusercontent.com/sites/HpXkx7LMLmT5DJ5C7LTgx/framer.geetHFZ_.mjs:3:1056
    at div
    at c (https://framerusercontent.com/sites/HpXkx7LMLmT5DJ5C7LTgx/motion.CZCgk-Ew.mjs:9:5742)
    at oa (https://framerusercontent.com/sites/HpXkx7LMLmT5DJ5C7LTgx/motion.CZCgk-Ew.mjs:9:1423)
    at lf (https://framerusercontent.com/sites/HpXkx7LMLmT5DJ5C7LTgx/motion.CZCgk-Ew.mjs:9:71595)
    at https://framerusercontent.com/sites/HpXkx7LMLmT5DJ5C7LTgx/framer.geetHFZ_.mjs:923:5130
    at lf (https://framerusercontent.com/sites/HpXkx7LMLmT5DJ5C7LTgx/motion.CZCgk-Ew.mjs:9:71595)
    at https://framerusercontent.com/sites/HpXkx7LMLmT5DJ5C7LTgx/script_main.BuIIUpYR.mjs:41:39415
    at https://framerusercontent.com/sites/HpXkx7LMLmT5DJ5C7LTgx/framer.geetHFZ_.mjs:77:35696
    at https://framerusercontent.com/sites/HpXkx7LMLmT5DJ5C7LTgx/framer.geetHFZ_.mjs:922:18762
    at Suspense
    at ou (https://framerusercontent.com/sites/HpXkx7LMLmT5DJ5C7LTgx/framer.geetHFZ_.mjs:49:70763)
    at xd (https://framerusercontent.com/sites/HpXkx7LMLmT5DJ5C7LTgx/framer.geetHFZ_.mjs:52:6441)
    at kl (https://framerusercontent.com/sites/HpXkx7LMLmT5DJ5C7LTgx/script_main.BuIIUpYR.mjs:43:298)
    at tp (https://framerusercontent.com/sites/HpXkx7LMLmT5DJ5C7LTgx/framer.geetHFZ_.mjs:54:9914)
    at Yb (https://framerusercontent.com/sites/HpXkx7LMLmT5DJ5C7LTgx/framer.geetHFZ_.mjs:77:6176)
    at Suspense
    at ou (https://framerusercontent.com/sites/HpXkx7LMLmT5DJ5C7LTgx/framer.geetHFZ_.mjs:49:70763)
    at nT (https://framerusercontent.com/sites/HpXkx7LMLmT5DJ5C7LTgx/framer.geetHFZ_.mjs:915:32142)
    at uf (https://framerusercontent.com/sites/HpXkx7LMLmT5DJ5C7LTgx/framer.geetHFZ_.mjs:52:18423)
    at yi (https://framerusercontent.com/sites/HpXkx7LMLmT5DJ5C7LTgx/framer.geetHFZ_.mjs:49:6767)
    at https://framerusercontent.com/sites/HpXkx7LMLmT5DJ5C7LTgx/framer.geetHFZ_.mjs:922:2495
    at https://framerusercontent.com/sites/HpXkx7LMLmT5DJ5C7LTgx/framer.geetHFZ_.mjs:77:35696
    at Ut (https://framerusercontent.com/sites/HpXkx7LMLmT5DJ5C7LTgx/framer.geetHFZ_.mjs:3:3254)
    at ep (https://framerusercontent.com/sites/HpXkx7LMLmT5DJ5C7LTgx/framer.geetHFZ_.mjs:54:5182)
    at pf (https://framerusercontent.com/sites/HpXkx7LMLmT5DJ5C7LTgx/framer.geetHFZ_.mjs:52:19279)
    at tD (https://framerusercontent.com/sites/HpXkx7LMLmT5DJ5C7LTgx/framer.geetHFZ_.mjs:922:18531)
    at Nn (https://framerusercontent.com/sites/HpXkx7LMLmT5DJ5C7LTgx/framer.geetHFZ_.mjs:7:9178)
    at oa (https://framerusercontent.com/sites/HpXkx7LMLmT5DJ5C7LTgx/motion.CZCgk-Ew.mjs:9:1423)
    at ci (https://framerusercontent.com/sites/HpXkx7LMLmT5DJ5C7LTgx/framer.geetHFZ_.mjs:49:6063)
    at up (https://framerusercontent.com/sites/HpXkx7LMLmT5DJ5C7LTgx/framer.geetHFZ_.mjs:54:11076)
    at BT (https://framerusercontent.com/sites/HpXkx7LMLmT5DJ5C7LTgx/framer.geetHFZ_.mjs:922:7756)
    at br (https://framerusercontent.com/sites/HpXkx7LMLmT5DJ5C7LTgx/framer.geetHFZ_.mjs:7:16117) @ https://framerusercontent.com/sites/HpXkx7LMLmT5DJ5C7LTgx/script_main.BuIIUpYR.mjs:42
[    1189ms] [WARNING] Caught a recoverable error. The site is still functional, but might have some UI flickering or degraded page load performance. If you are the author of this website, update external components and check recently added custom code or code overrides to fix the following server/client mismatches:
 Error: Minified React error #418; visit https://reactjs.org/docs/error-decoder.html?invariant=418 for the full message or use the non-minified dev environment for full errors and additional helpful warnings.
    at da (https://framerusercontent.com/sites/HpXkx7LMLmT5DJ5C7LTgx/react.DEKhuLKM.mjs:6:4235)
    at sp (https://framerusercontent.com/sites/HpXkx7LMLmT5DJ5C7LTgx/react.DEKhuLKM.mjs:8:68259)
    at $s (https://framerusercontent.com/sites/HpXkx7LMLmT5DJ5C7LTgx/react.DEKhuLKM.mjs:8:37073)
    at Qs (https://framerusercontent.com/sites/HpXkx7LMLmT5DJ5C7LTgx/react.DEKhuLKM.mjs:8:37046)
    at Ls (https://framerusercontent.com/sites/HpXkx7LMLmT5DJ5C7LTgx/react.DEKhuLKM.mjs:8:32130)
    at wt (https://framerusercontent.com/sites/HpXkx7LMLmT5DJ5C7LTgx/react.DEKhuLKM.mjs:1:10651)
    at MessagePort.Et (https://framerusercontent.com/sites/HpXkx7LMLmT5DJ5C7LTgx/react.DEKhuLKM.mjs:1:11006) 
    at div
    at c (https://framerusercontent.com/sites/HpXkx7LMLmT5DJ5C7LTgx/motion.CZCgk-Ew.mjs:9:5742)
    at ce (https://framerusercontent.com/sites/HpXkx7LMLmT5DJ5C7LTgx/Yej_aT5yT.HoEc4mfR.mjs:1:5398)
    at div
    at P (https://framerusercontent.com/sites/HpXkx7LMLmT5DJ5C7LTgx/Yej_aT5yT.HoEc4mfR.mjs:17:52)
    at div
    at https://framerusercontent.com/sites/HpXkx7LMLmT5DJ5C7LTgx/framer.geetHFZ_.mjs:915:26561
    at https://framerusercontent.com/sites/HpXkx7LMLmT5DJ5C7LTgx/framer.geetHFZ_.mjs:77:35696
    at sT (https://framerusercontent.com/sites/HpXkx7LMLmT5DJ5C7LTgx/framer.geetHFZ_.mjs:922:708)
    at Suspense
    at ou (https://framerusercontent.com/sites/HpXkx7LMLmT5DJ5C7LTgx/framer.geetHFZ_.mjs:49:70763)
    at fu (https://framerusercontent.com/sites/HpXkx7LMLmT5DJ5C7LTgx/framer.geetHFZ_.mjs:49:71427)
    at du (https://framerusercontent.com/sites/HpXkx7LMLmT5DJ5C7LTgx/framer.geetHFZ_.mjs:49:71289)
    at lf (https://framerusercontent.com/sites/HpXkx7LMLmT5DJ5C7LTgx/motion.CZCgk-Ew.mjs:9:71595)
    at Za (https://framerusercontent.com/sites/HpXkx7LMLmT5DJ5C7LTgx/framer.geetHFZ_.mjs:49:23949)
    at div
    at c (https://framerusercontent.com/sites/HpXkx7LMLmT5DJ5C7LTgx/motion.CZCgk-Ew.mjs:9:5742)
    at https://framerusercontent.com/sites/HpXkx7LMLmT5DJ5C7LTgx/framer.geetHFZ_.mjs:922:1455
    at https://framerusercontent.com/sites/HpXkx7LMLmT5DJ5C7LTgx/framer.geetHFZ_.mjs:915:32042
    at https://framerusercontent.com/sites/HpXkx7LMLmT5DJ5C7LTgx/framer.geetHFZ_.mjs:915:31855
    at div
    at div
    at c (https://framerusercontent.com/sites/HpXkx7LMLmT5DJ5C7LTgx/motion.CZCgk-Ew.mjs:9:5742)
    at div
    at c (https://framerusercontent.com/sites/HpXkx7LMLmT5DJ5C7LTgx/motion.CZCgk-Ew.mjs:9:5742)
    at lf (https://framerusercontent.com/sites/HpXkx7LMLmT5DJ5C7LTgx/motion.CZCgk-Ew.mjs:9:71595)
    at https://framerusercontent.com/sites/HpXkx7LMLmT5DJ5C7LTgx/RPHanEpuSnqkuYsIjl19BFF4nGmc1ghAxCgZ0rDKBP8.oLQjOCVu.mjs:7:136055
    at https://framerusercontent.com/sites/HpXkx7LMLmT5DJ5C7LTgx/framer.geetHFZ_.mjs:77:35696
    at https://framerusercontent.com/sites/HpXkx7LMLmT5DJ5C7LTgx/framer.geetHFZ_.mjs:3:1056
    at div
    at c (https://framerusercontent.com/sites/HpXkx7LMLmT5DJ5C7LTgx/motion.CZCgk-Ew.mjs:9:5742)
    at oa (https://framerusercontent.com/sites/HpXkx7LMLmT5DJ5C7LTgx/motion.CZCgk-Ew.mjs:9:1423)
    at lf (https://framerusercontent.com/sites/HpXkx7LMLmT5DJ5C7LTgx/motion.CZCgk-Ew.mjs:9:71595)
    at https://framerusercontent.com/sites/HpXkx7LMLmT5DJ5C7LTgx/framer.geetHFZ_.mjs:923:5130
    at lf (https://framerusercontent.com/sites/HpXkx7LMLmT5DJ5C7LTgx/motion.CZCgk-Ew.mjs:9:71595)
    at https://framerusercontent.com/sites/HpXkx7LMLmT5DJ5C7LTgx/script_main.BuIIUpYR.mjs:41:39415
    at https://framerusercontent.com/sites/HpXkx7LMLmT5DJ5C7LTgx/framer.geetHFZ_.mjs:77:35696
    at https://framerusercontent.com/sites/HpXkx7LMLmT5DJ5C7LTgx/framer.geetHFZ_.mjs:922:18762
    at Suspense
    at ou (https://framerusercontent.com/sites/HpXkx7LMLmT5DJ5C7LTgx/framer.geetHFZ_.mjs:49:70763)
    at xd (https://framerusercontent.com/sites/HpXkx7LMLmT5DJ5C7LTgx/framer.geetHFZ_.mjs:52:6441)
    at kl (https://framerusercontent.com/sites/HpXkx7LMLmT5DJ5C7LTgx/script_main.BuIIUpYR.mjs:43:298)
    at tp (https://framerusercontent.com/sites/HpXkx7LMLmT5DJ5C7LTgx/framer.geetHFZ_.mjs:54:9914)
    at Yb (https://framerusercontent.com/sites/HpXkx7LMLmT5DJ5C7LTgx/framer.geetHFZ_.mjs:77:6176)
    at Suspense
    at ou (https://framerusercontent.com/sites/HpXkx7LMLmT5DJ5C7LTgx/framer.geetHFZ_.mjs:49:70763)
    at nT (https://framerusercontent.com/sites/HpXkx7LMLmT5DJ5C7LTgx/framer.geetHFZ_.mjs:915:32142)
    at uf (https://framerusercontent.com/sites/HpXkx7LMLmT5DJ5C7LTgx/framer.geetHFZ_.mjs:52:18423)
    at yi (https://framerusercontent.com/sites/HpXkx7LMLmT5DJ5C7LTgx/framer.geetHFZ_.mjs:49:6767)
    at https://framerusercontent.com/sites/HpXkx7LMLmT5DJ5C7LTgx/framer.geetHFZ_.mjs:922:2495
    at https://framerusercontent.com/sites/HpXkx7LMLmT5DJ5C7LTgx/framer.geetHFZ_.mjs:77:35696
    at Ut (https://framerusercontent.com/sites/HpXkx7LMLmT5DJ5C7LTgx/framer.geetHFZ_.mjs:3:3254)
    at ep (https://framerusercontent.com/sites/HpXkx7LMLmT5DJ5C7LTgx/framer.geetHFZ_.mjs:54:5182)
    at pf (https://framerusercontent.com/sites/HpXkx7LMLmT5DJ5C7LTgx/framer.geetHFZ_.mjs:52:19279)
    at tD (https://framerusercontent.com/sites/HpXkx7LMLmT5DJ5C7LTgx/framer.geetHFZ_.mjs:922:18531)
    at Nn (https://framerusercontent.com/sites/HpXkx7LMLmT5DJ5C7LTgx/framer.geetHFZ_.mjs:7:9178)
    at oa (https://framerusercontent.com/sites/HpXkx7LMLmT5DJ5C7LTgx/motion.CZCgk-Ew.mjs:9:1423)
    at ci (https://framerusercontent.com/sites/HpXkx7LMLmT5DJ5C7LTgx/framer.geetHFZ_.mjs:49:6063)
    at up (https://framerusercontent.com/sites/HpXkx7LMLmT5DJ5C7LTgx/framer.geetHFZ_.mjs:54:11076)
    at BT (https://framerusercontent.com/sites/HpXkx7LMLmT5DJ5C7LTgx/framer.geetHFZ_.mjs:922:7756)
    at br (https://framerusercontent.com/sites/HpXkx7LMLmT5DJ5C7LTgx/framer.geetHFZ_.mjs:7:16117) @ https://framerusercontent.com/sites/HpXkx7LMLmT5DJ5C7LTgx/script_main.BuIIUpYR.mjs:42
[    1190ms] [WARNING] Caught a recoverable error. The site is still functional, but might have some UI flickering or degraded page load performance. If you are the author of this website, update external components and check recently added custom code or code overrides to fix the following server/client mismatches:
 Error: Minified React error #418; visit https://reactjs.org/docs/error-decoder.html?invariant=418 for the full message or use the non-minified dev environment for full errors and additional helpful warnings.
    at da (https://framerusercontent.com/sites/HpXkx7LMLmT5DJ5C7LTgx/react.DEKhuLKM.mjs:6:4235)
    at sp (https://framerusercontent.com/sites/HpXkx7LMLmT5DJ5C7LTgx/react.DEKhuLKM.mjs:8:68259)
    at $s (https://framerusercontent.com/sites/HpXkx7LMLmT5DJ5C7LTgx/react.DEKhuLKM.mjs:8:37073)
    at Qs (https://framerusercontent.com/sites/HpXkx7LMLmT5DJ5C7LTgx/react.DEKhuLKM.mjs:8:37046)
    at Ls (https://framerusercontent.com/sites/HpXkx7LMLmT5DJ5C7LTgx/react.DEKhuLKM.mjs:8:32130)
    at wt (https://framerusercontent.com/sites/HpXkx7LMLmT5DJ5C7LTgx/react.DEKhuLKM.mjs:1:10651)
    at MessagePort.Et (https://framerusercontent.com/sites/HpXkx7LMLmT5DJ5C7LTgx/react.DEKhuLKM.mjs:1:11006) 
    at div
    at c (https://framerusercontent.com/sites/HpXkx7LMLmT5DJ5C7LTgx/motion.CZCgk-Ew.mjs:9:5742)
    at ce (https://framerusercontent.com/sites/HpXkx7LMLmT5DJ5C7LTgx/Yej_aT5yT.HoEc4mfR.mjs:1:5398)
    at div
    at P (https://framerusercontent.com/sites/HpXkx7LMLmT5DJ5C7LTgx/Yej_aT5yT.HoEc4mfR.mjs:17:52)
    at div
    at https://framerusercontent.com/sites/HpXkx7LMLmT5DJ5C7LTgx/framer.geetHFZ_.mjs:915:26561
    at https://framerusercontent.com/sites/HpXkx7LMLmT5DJ5C7LTgx/framer.geetHFZ_.mjs:77:35696
    at sT (https://framerusercontent.com/sites/HpXkx7LMLmT5DJ5C7LTgx/framer.geetHFZ_.mjs:922:708)
    at Suspense
    at ou (https://framerusercontent.com/sites/HpXkx7LMLmT5DJ5C7LTgx/framer.geetHFZ_.mjs:49:70763)
    at fu (https://framerusercontent.com/sites/HpXkx7LMLmT5DJ5C7LTgx/framer.geetHFZ_.mjs:49:71427)
    at du (https://framerusercontent.com/sites/HpXkx7LMLmT5DJ5C7LTgx/framer.geetHFZ_.mjs:49:71289)
    at lf (https://framerusercontent.com/sites/HpXkx7LMLmT5DJ5C7LTgx/motion.CZCgk-Ew.mjs:9:71595)
    at Za (https://framerusercontent.com/sites/HpXkx7LMLmT5DJ5C7LTgx/framer.geetHFZ_.mjs:49:23949)
    at div
    at c (https://framerusercontent.com/sites/HpXkx7LMLmT5DJ5C7LTgx/motion.CZCgk-Ew.mjs:9:5742)
    at https://framerusercontent.com/sites/HpXkx7LMLmT5DJ5C7LTgx/framer.geetHFZ_.mjs:922:1455
    at https://framerusercontent.com/sites/HpXkx7LMLmT5DJ5C7LTgx/framer.geetHFZ_.mjs:915:32042
    at https://framerusercontent.com/sites/HpXkx7LMLmT5DJ5C7LTgx/framer.geetHFZ_.mjs:915:31855
    at div
    at div
    at c (https://framerusercontent.com/sites/HpXkx7LMLmT5DJ5C7LTgx/motion.CZCgk-Ew.mjs:9:5742)
    at div
    at c (https://framerusercontent.com/sites/HpXkx7LMLmT5DJ5C7LTgx/motion.CZCgk-Ew.mjs:9:5742)
    at lf (https://framerusercontent.com/sites/HpXkx7LMLmT5DJ5C7LTgx/motion.CZCgk-Ew.mjs:9:71595)
    at https://framerusercontent.com/sites/HpXkx7LMLmT5DJ5C7LTgx/RPHanEpuSnqkuYsIjl19BFF4nGmc1ghAxCgZ0rDKBP8.oLQjOCVu.mjs:7:136055
    at https://framerusercontent.com/sites/HpXkx7LMLmT5DJ5C7LTgx/framer.geetHFZ_.mjs:77:35696
    at https://framerusercontent.com/sites/HpXkx7LMLmT5DJ5C7LTgx/framer.geetHFZ_.mjs:3:1056
    at div
    at c (https://framerusercontent.com/sites/HpXkx7LMLmT5DJ5C7LTgx/motion.CZCgk-Ew.mjs:9:5742)
    at oa (https://framerusercontent.com/sites/HpXkx7LMLmT5DJ5C7LTgx/motion.CZCgk-Ew.mjs:9:1423)
    at lf (https://framerusercontent.com/sites/HpXkx7LMLmT5DJ5C7LTgx/motion.CZCgk-Ew.mjs:9:71595)
    at https://framerusercontent.com/sites/HpXkx7LMLmT5DJ5C7LTgx/framer.geetHFZ_.mjs:923:5130
    at lf (https://framerusercontent.com/sites/HpXkx7LMLmT5DJ5C7LTgx/motion.CZCgk-Ew.mjs:9:71595)
    at https://framerusercontent.com/sites/HpXkx7LMLmT5DJ5C7LTgx/script_main.BuIIUpYR.mjs:41:39415
    at https://framerusercontent.com/sites/HpXkx7LMLmT5DJ5C7LTgx/framer.geetHFZ_.mjs:77:35696
    at https://framerusercontent.com/sites/HpXkx7LMLmT5DJ5C7LTgx/framer.geetHFZ_.mjs:922:18762
    at Suspense
    at ou (https://framerusercontent.com/sites/HpXkx7LMLmT5DJ5C7LTgx/framer.geetHFZ_.mjs:49:70763)
    at xd (https://framerusercontent.com/sites/HpXkx7LMLmT5DJ5C7LTgx/framer.geetHFZ_.mjs:52:6441)
    at kl (https://framerusercontent.com/sites/HpXkx7LMLmT5DJ5C7LTgx/script_main.BuIIUpYR.mjs:43:298)
    at tp (https://framerusercontent.com/sites/HpXkx7LMLmT5DJ5C7LTgx/framer.geetHFZ_.mjs:54:9914)
    at Yb (https://framerusercontent.com/sites/HpXkx7LMLmT5DJ5C7LTgx/framer.geetHFZ_.mjs:77:6176)
    at Suspense
    at ou (https://framerusercontent.com/sites/HpXkx7LMLmT5DJ5C7LTgx/framer.geetHFZ_.mjs:49:70763)
    at nT (https://framerusercontent.com/sites/HpXkx7LMLmT5DJ5C7LTgx/framer.geetHFZ_.mjs:915:32142)
    at uf (https://framerusercontent.com/sites/HpXkx7LMLmT5DJ5C7LTgx/framer.geetHFZ_.mjs:52:18423)
    at yi (https://framerusercontent.com/sites/HpXkx7LMLmT5DJ5C7LTgx/framer.geetHFZ_.mjs:49:6767)
    at https://framerusercontent.com/sites/HpXkx7LMLmT5DJ5C7LTgx/framer.geetHFZ_.mjs:922:2495
    at https://framerusercontent.com/sites/HpXkx7LMLmT5DJ5C7LTgx/framer.geetHFZ_.mjs:77:35696
    at Ut (https://framerusercontent.com/sites/HpXkx7LMLmT5DJ5C7LTgx/framer.geetHFZ_.mjs:3:3254)
    at ep (https://framerusercontent.com/sites/HpXkx7LMLmT5DJ5C7LTgx/framer.geetHFZ_.mjs:54:5182)
    at pf (https://framerusercontent.com/sites/HpXkx7LMLmT5DJ5C7LTgx/framer.geetHFZ_.mjs:52:19279)
    at tD (https://framerusercontent.com/sites/HpXkx7LMLmT5DJ5C7LTgx/framer.geetHFZ_.mjs:922:18531)
    at Nn (https://framerusercontent.com/sites/HpXkx7LMLmT5DJ5C7LTgx/framer.geetHFZ_.mjs:7:9178)
    at oa (https://framerusercontent.com/sites/HpXkx7LMLmT5DJ5C7LTgx/motion.CZCgk-Ew.mjs:9:1423)
    at ci (https://framerusercontent.com/sites/HpXkx7LMLmT5DJ5C7LTgx/framer.geetHFZ_.mjs:49:6063)
    at up (https://framerusercontent.com/sites/HpXkx7LMLmT5DJ5C7LTgx/framer.geetHFZ_.mjs:54:11076)
    at BT (https://framerusercontent.com/sites/HpXkx7LMLmT5DJ5C7LTgx/framer.geetHFZ_.mjs:922:7756)
    at br (https://framerusercontent.com/sites/HpXkx7LMLmT5DJ5C7LTgx/framer.geetHFZ_.mjs:7:16117) @ https://framerusercontent.com/sites/HpXkx7LMLmT5DJ5C7LTgx/script_main.BuIIUpYR.mjs:42
[    1191ms] [WARNING] Caught a recoverable error. The site is still functional, but might have some UI flickering or degraded page load performance. If you are the author of this website, update external components and check recently added custom code or code overrides to fix the following server/client mismatches:
 Error: Minified React error #418; visit https://reactjs.org/docs/error-decoder.html?invariant=418 for the full message or use the non-minified dev environment for full errors and additional helpful warnings.
    at da (https://framerusercontent.com/sites/HpXkx7LMLmT5DJ5C7LTgx/react.DEKhuLKM.mjs:6:4235)
    at sp (https://framerusercontent.com/sites/HpXkx7LMLmT5DJ5C7LTgx/react.DEKhuLKM.mjs:8:68259)
    at $s (https://framerusercontent.com/sites/HpXkx7LMLmT5DJ5C7LTgx/react.DEKhuLKM.mjs:8:37073)
    at Qs (https://framerusercontent.com/sites/HpXkx7LMLmT5DJ5C7LTgx/react.DEKhuLKM.mjs:8:37046)
    at Ls (https://framerusercontent.com/sites/HpXkx7LMLmT5DJ5C7LTgx/react.DEKhuLKM.mjs:8:32130)
    at wt (https://framerusercontent.com/sites/HpXkx7LMLmT5DJ5C7LTgx/react.DEKhuLKM.mjs:1:10651)
    at MessagePort.Et (https://framerusercontent.com/sites/HpXkx7LMLmT5DJ5C7LTgx/react.DEKhuLKM.mjs:1:11006) 
    at div
    at c (https://framerusercontent.com/sites/HpXkx7LMLmT5DJ5C7LTgx/motion.CZCgk-Ew.mjs:9:5742)
    at ce (https://framerusercontent.com/sites/HpXkx7LMLmT5DJ5C7LTgx/Yej_aT5yT.HoEc4mfR.mjs:1:5398)
    at div
    at P (https://framerusercontent.com/sites/HpXkx7LMLmT5DJ5C7LTgx/Yej_aT5yT.HoEc4mfR.mjs:17:52)
    at div
    at https://framerusercontent.com/sites/HpXkx7LMLmT5DJ5C7LTgx/framer.geetHFZ_.mjs:915:26561
    at https://framerusercontent.com/sites/HpXkx7LMLmT5DJ5C7LTgx/framer.geetHFZ_.mjs:77:35696
    at sT (https://framerusercontent.com/sites/HpXkx7LMLmT5DJ5C7LTgx/framer.geetHFZ_.mjs:922:708)
    at Suspense
    at ou (https://framerusercontent.com/sites/HpXkx7LMLmT5DJ5C7LTgx/framer.geetHFZ_.mjs:49:70763)
    at fu (https://framerusercontent.com/sites/HpXkx7LMLmT5DJ5C7LTgx/framer.geetHFZ_.mjs:49:71427)
    at du (https://framerusercontent.com/sites/HpXkx7LMLmT5DJ5C7LTgx/framer.geetHFZ_.mjs:49:71289)
    at lf (https://framerusercontent.com/sites/HpXkx7LMLmT5DJ5C7LTgx/motion.CZCgk-Ew.mjs:9:71595)
    at Za (https://framerusercontent.com/sites/HpXkx7LMLmT5DJ5C7LTgx/framer.geetHFZ_.mjs:49:23949)
    at div
    at c (https://framerusercontent.com/sites/HpXkx7LMLmT5DJ5C7LTgx/motion.CZCgk-Ew.mjs:9:5742)
    at https://framerusercontent.com/sites/HpXkx7LMLmT5DJ5C7LTgx/framer.geetHFZ_.mjs:922:1455
    at https://framerusercontent.com/sites/HpXkx7LMLmT5DJ5C7LTgx/framer.geetHFZ_.mjs:915:32042
    at https://framerusercontent.com/sites/HpXkx7LMLmT5DJ5C7LTgx/framer.geetHFZ_.mjs:915:31855
    at div
    at div
    at c (https://framerusercontent.com/sites/HpXkx7LMLmT5DJ5C7LTgx/motion.CZCgk-Ew.mjs:9:5742)
    at div
    at c (https://framerusercontent.com/sites/HpXkx7LMLmT5DJ5C7LTgx/motion.CZCgk-Ew.mjs:9:5742)
    at lf (https://framerusercontent.com/sites/HpXkx7LMLmT5DJ5C7LTgx/motion.CZCgk-Ew.mjs:9:71595)
    at https://framerusercontent.com/sites/HpXkx7LMLmT5DJ5C7LTgx/RPHanEpuSnqkuYsIjl19BFF4nGmc1ghAxCgZ0rDKBP8.oLQjOCVu.mjs:7:136055
    at https://framerusercontent.com/sites/HpXkx7LMLmT5DJ5C7LTgx/framer.geetHFZ_.mjs:77:35696
    at https://framerusercontent.com/sites/HpXkx7LMLmT5DJ5C7LTgx/framer.geetHFZ_.mjs:3:1056
    at div
    at c (https://framerusercontent.com/sites/HpXkx7LMLmT5DJ5C7LTgx/motion.CZCgk-Ew.mjs:9:5742)
    at oa (https://framerusercontent.com/sites/HpXkx7LMLmT5DJ5C7LTgx/motion.CZCgk-Ew.mjs:9:1423)
    at lf (https://framerusercontent.com/sites/HpXkx7LMLmT5DJ5C7LTgx/motion.CZCgk-Ew.mjs:9:71595)
    at https://framerusercontent.com/sites/HpXkx7LMLmT5DJ5C7LTgx/framer.geetHFZ_.mjs:923:5130
    at lf (https://framerusercontent.com/sites/HpXkx7LMLmT5DJ5C7LTgx/motion.CZCgk-Ew.mjs:9:71595)
    at https://framerusercontent.com/sites/HpXkx7LMLmT5DJ5C7LTgx/script_main.BuIIUpYR.mjs:41:39415
    at https://framerusercontent.com/sites/HpXkx7LMLmT5DJ5C7LTgx/framer.geetHFZ_.mjs:77:35696
    at https://framerusercontent.com/sites/HpXkx7LMLmT5DJ5C7LTgx/framer.geetHFZ_.mjs:922:18762
    at Suspense
    at ou (https://framerusercontent.com/sites/HpXkx7LMLmT5DJ5C7LTgx/framer.geetHFZ_.mjs:49:70763)
    at xd (https://framerusercontent.com/sites/HpXkx7LMLmT5DJ5C7LTgx/framer.geetHFZ_.mjs:52:6441)
    at kl (https://framerusercontent.com/sites/HpXkx7LMLmT5DJ5C7LTgx/script_main.BuIIUpYR.mjs:43:298)
    at tp (https://framerusercontent.com/sites/HpXkx7LMLmT5DJ5C7LTgx/framer.geetHFZ_.mjs:54:9914)
    at Yb (https://framerusercontent.com/sites/HpXkx7LMLmT5DJ5C7LTgx/framer.geetHFZ_.mjs:77:6176)
    at Suspense
    at ou (https://framerusercontent.com/sites/HpXkx7LMLmT5DJ5C7LTgx/framer.geetHFZ_.mjs:49:70763)
    at nT (https://framerusercontent.com/sites/HpXkx7LMLmT5DJ5C7LTgx/framer.geetHFZ_.mjs:915:32142)
    at uf (https://framerusercontent.com/sites/HpXkx7LMLmT5DJ5C7LTgx/framer.geetHFZ_.mjs:52:18423)
    at yi (https://framerusercontent.com/sites/HpXkx7LMLmT5DJ5C7LTgx/framer.geetHFZ_.mjs:49:6767)
    at https://framerusercontent.com/sites/HpXkx7LMLmT5DJ5C7LTgx/framer.geetHFZ_.mjs:922:2495
    at https://framerusercontent.com/sites/HpXkx7LMLmT5DJ5C7LTgx/framer.geetHFZ_.mjs:77:35696
    at Ut (https://framerusercontent.com/sites/HpXkx7LMLmT5DJ5C7LTgx/framer.geetHFZ_.mjs:3:3254)
    at ep (https://framerusercontent.com/sites/HpXkx7LMLmT5DJ5C7LTgx/framer.geetHFZ_.mjs:54:5182)
    at pf (https://framerusercontent.com/sites/HpXkx7LMLmT5DJ5C7LTgx/framer.geetHFZ_.mjs:52:19279)
    at tD (https://framerusercontent.com/sites/HpXkx7LMLmT5DJ5C7LTgx/framer.geetHFZ_.mjs:922:18531)
    at Nn (https://framerusercontent.com/sites/HpXkx7LMLmT5DJ5C7LTgx/framer.geetHFZ_.mjs:7:9178)
    at oa (https://framerusercontent.com/sites/HpXkx7LMLmT5DJ5C7LTgx/motion.CZCgk-Ew.mjs:9:1423)
    at ci (https://framerusercontent.com/sites/HpXkx7LMLmT5DJ5C7LTgx/framer.geetHFZ_.mjs:49:6063)
    at up (https://framerusercontent.com/sites/HpXkx7LMLmT5DJ5C7LTgx/framer.geetHFZ_.mjs:54:11076)
    at BT (https://framerusercontent.com/sites/HpXkx7LMLmT5DJ5C7LTgx/framer.geetHFZ_.mjs:922:7756)
    at br (https://framerusercontent.com/sites/HpXkx7LMLmT5DJ5C7LTgx/framer.geetHFZ_.mjs:7:16117) @ https://framerusercontent.com/sites/HpXkx7LMLmT5DJ5C7LTgx/script_main.BuIIUpYR.mjs:42
[    1191ms] [WARNING] Caught a recoverable error. The site is still functional, but might have some UI flickering or degraded page load performance. If you are the author of this website, update external components and check recently added custom code or code overrides to fix the following server/client mismatches:
 Error: Minified React error #418; visit https://reactjs.org/docs/error-decoder.html?invariant=418 for the full message or use the non-minified dev environment for full errors and additional helpful warnings.
    at da (https://framerusercontent.com/sites/HpXkx7LMLmT5DJ5C7LTgx/react.DEKhuLKM.mjs:6:4235)
    at sp (https://framerusercontent.com/sites/HpXkx7LMLmT5DJ5C7LTgx/react.DEKhuLKM.mjs:8:68259)
    at $s (https://framerusercontent.com/sites/HpXkx7LMLmT5DJ5C7LTgx/react.DEKhuLKM.mjs:8:37073)
    at Qs (https://framerusercontent.com/sites/HpXkx7LMLmT5DJ5C7LTgx/react.DEKhuLKM.mjs:8:37046)
    at Ls (https://framerusercontent.com/sites/HpXkx7LMLmT5DJ5C7LTgx/react.DEKhuLKM.mjs:8:32130)
    at wt (https://framerusercontent.com/sites/HpXkx7LMLmT5DJ5C7LTgx/react.DEKhuLKM.mjs:1:10651)
    at MessagePort.Et (https://framerusercontent.com/sites/HpXkx7LMLmT5DJ5C7LTgx/react.DEKhuLKM.mjs:1:11006) 
    at div
    at c (https://framerusercontent.com/sites/HpXkx7LMLmT5DJ5C7LTgx/motion.CZCgk-Ew.mjs:9:5742)
    at ce (https://framerusercontent.com/sites/HpXkx7LMLmT5DJ5C7LTgx/Yej_aT5yT.HoEc4mfR.mjs:1:5398)
    at div
    at P (https://framerusercontent.com/sites/HpXkx7LMLmT5DJ5C7LTgx/Yej_aT5yT.HoEc4mfR.mjs:17:52)
    at div
    at https://framerusercontent.com/sites/HpXkx7LMLmT5DJ5C7LTgx/framer.geetHFZ_.mjs:915:26561
    at https://framerusercontent.com/sites/HpXkx7LMLmT5DJ5C7LTgx/framer.geetHFZ_.mjs:77:35696
    at sT (https://framerusercontent.com/sites/HpXkx7LMLmT5DJ5C7LTgx/framer.geetHFZ_.mjs:922:708)
    at Suspense
    at ou (https://framerusercontent.com/sites/HpXkx7LMLmT5DJ5C7LTgx/framer.geetHFZ_.mjs:49:70763)
    at fu (https://framerusercontent.com/sites/HpXkx7LMLmT5DJ5C7LTgx/framer.geetHFZ_.mjs:49:71427)
    at du (https://framerusercontent.com/sites/HpXkx7LMLmT5DJ5C7LTgx/framer.geetHFZ_.mjs:49:71289)
    at lf (https://framerusercontent.com/sites/HpXkx7LMLmT5DJ5C7LTgx/motion.CZCgk-Ew.mjs:9:71595)
    at Za (https://framerusercontent.com/sites/HpXkx7LMLmT5DJ5C7LTgx/framer.geetHFZ_.mjs:49:23949)
    at div
    at c (https://framerusercontent.com/sites/HpXkx7LMLmT5DJ5C7LTgx/motion.CZCgk-Ew.mjs:9:5742)
    at https://framerusercontent.com/sites/HpXkx7LMLmT5DJ5C7LTgx/framer.geetHFZ_.mjs:922:1455
    at https://framerusercontent.com/sites/HpXkx7LMLmT5DJ5C7LTgx/framer.geetHFZ_.mjs:915:32042
    at https://framerusercontent.com/sites/HpXkx7LMLmT5DJ5C7LTgx/framer.geetHFZ_.mjs:915:31855
    at div
    at div
    at c (https://framerusercontent.com/sites/HpXkx7LMLmT5DJ5C7LTgx/motion.CZCgk-Ew.mjs:9:5742)
    at div
    at c (https://framerusercontent.com/sites/HpXkx7LMLmT5DJ5C7LTgx/motion.CZCgk-Ew.mjs:9:5742)
    at lf (https://framerusercontent.com/sites/HpXkx7LMLmT5DJ5C7LTgx/motion.CZCgk-Ew.mjs:9:71595)
    at https://framerusercontent.com/sites/HpXkx7LMLmT5DJ5C7LTgx/RPHanEpuSnqkuYsIjl19BFF4nGmc1ghAxCgZ0rDKBP8.oLQjOCVu.mjs:7:136055
    at https://framerusercontent.com/sites/HpXkx7LMLmT5DJ5C7LTgx/framer.geetHFZ_.mjs:77:35696
    at https://framerusercontent.com/sites/HpXkx7LMLmT5DJ5C7LTgx/framer.geetHFZ_.mjs:3:1056
    at div
    at c (https://framerusercontent.com/sites/HpXkx7LMLmT5DJ5C7LTgx/motion.CZCgk-Ew.mjs:9:5742)
    at oa (https://framerusercontent.com/sites/HpXkx7LMLmT5DJ5C7LTgx/motion.CZCgk-Ew.mjs:9:1423)
    at lf (https://framerusercontent.com/sites/HpXkx7LMLmT5DJ5C7LTgx/motion.CZCgk-Ew.mjs:9:71595)
    at https://framerusercontent.com/sites/HpXkx7LMLmT5DJ5C7LTgx/framer.geetHFZ_.mjs:923:5130
    at lf (https://framerusercontent.com/sites/HpXkx7LMLmT5DJ5C7LTgx/motion.CZCgk-Ew.mjs:9:71595)
    at https://framerusercontent.com/sites/HpXkx7LMLmT5DJ5C7LTgx/script_main.BuIIUpYR.mjs:41:39415
    at https://framerusercontent.com/sites/HpXkx7LMLmT5DJ5C7LTgx/framer.geetHFZ_.mjs:77:35696
    at https://framerusercontent.com/sites/HpXkx7LMLmT5DJ5C7LTgx/framer.geetHFZ_.mjs:922:18762
    at Suspense
    at ou (https://framerusercontent.com/sites/HpXkx7LMLmT5DJ5C7LTgx/framer.geetHFZ_.mjs:49:70763)
    at xd (https://framerusercontent.com/sites/HpXkx7LMLmT5DJ5C7LTgx/framer.geetHFZ_.mjs:52:6441)
    at kl (https://framerusercontent.com/sites/HpXkx7LMLmT5DJ5C7LTgx/script_main.BuIIUpYR.mjs:43:298)
    at tp (https://framerusercontent.com/sites/HpXkx7LMLmT5DJ5C7LTgx/framer.geetHFZ_.mjs:54:9914)
    at Yb (https://framerusercontent.com/sites/HpXkx7LMLmT5DJ5C7LTgx/framer.geetHFZ_.mjs:77:6176)
    at Suspense
    at ou (https://framerusercontent.com/sites/HpXkx7LMLmT5DJ5C7LTgx/framer.geetHFZ_.mjs:49:70763)
    at nT (https://framerusercontent.com/sites/HpXkx7LMLmT5DJ5C7LTgx/framer.geetHFZ_.mjs:915:32142)
    at uf (https://framerusercontent.com/sites/HpXkx7LMLmT5DJ5C7LTgx/framer.geetHFZ_.mjs:52:18423)
    at yi (https://framerusercontent.com/sites/HpXkx7LMLmT5DJ5C7LTgx/framer.geetHFZ_.mjs:49:6767)
    at https://framerusercontent.com/sites/HpXkx7LMLmT5DJ5C7LTgx/framer.geetHFZ_.mjs:922:2495
    at https://framerusercontent.com/sites/HpXkx7LMLmT5DJ5C7LTgx/framer.geetHFZ_.mjs:77:35696
    at Ut (https://framerusercontent.com/sites/HpXkx7LMLmT5DJ5C7LTgx/framer.geetHFZ_.mjs:3:3254)
    at ep (https://framerusercontent.com/sites/HpXkx7LMLmT5DJ5C7LTgx/framer.geetHFZ_.mjs:54:5182)
    at pf (https://framerusercontent.com/sites/HpXkx7LMLmT5DJ5C7LTgx/framer.geetHFZ_.mjs:52:19279)
    at tD (https://framerusercontent.com/sites/HpXkx7LMLmT5DJ5C7LTgx/framer.geetHFZ_.mjs:922:18531)
    at Nn (https://framerusercontent.com/sites/HpXkx7LMLmT5DJ5C7LTgx/framer.geetHFZ_.mjs:7:9178)
    at oa (https://framerusercontent.com/sites/HpXkx7LMLmT5DJ5C7LTgx/motion.CZCgk-Ew.mjs:9:1423)
    at ci (https://framerusercontent.com/sites/HpXkx7LMLmT5DJ5C7LTgx/framer.geetHFZ_.mjs:49:6063)
    at up (https://framerusercontent.com/sites/HpXkx7LMLmT5DJ5C7LTgx/framer.geetHFZ_.mjs:54:11076)
    at BT (https://framerusercontent.com/sites/HpXkx7LMLmT5DJ5C7LTgx/framer.geetHFZ_.mjs:922:7756)
    at br (https://framerusercontent.com/sites/HpXkx7LMLmT5DJ5C7LTgx/framer.geetHFZ_.mjs:7:16117) @ https://framerusercontent.com/sites/HpXkx7LMLmT5DJ5C7LTgx/script_main.BuIIUpYR.mjs:42
[    1192ms] [WARNING] Caught a recoverable error. The site is still functional, but might have some UI flickering or degraded page load performance. If you are the author of this website, update external components and check recently added custom code or code overrides to fix the following server/client mismatches:
 Error: Minified React error #418; visit https://reactjs.org/docs/error-decoder.html?invariant=418 for the full message or use the non-minified dev environment for full errors and additional helpful warnings.
    at da (https://framerusercontent.com/sites/HpXkx7LMLmT5DJ5C7LTgx/react.DEKhuLKM.mjs:6:4235)
    at sp (https://framerusercontent.com/sites/HpXkx7LMLmT5DJ5C7LTgx/react.DEKhuLKM.mjs:8:68259)
    at $s (https://framerusercontent.com/sites/HpXkx7LMLmT5DJ5C7LTgx/react.DEKhuLKM.mjs:8:37073)
    at Qs (https://framerusercontent.com/sites/HpXkx7LMLmT5DJ5C7LTgx/react.DEKhuLKM.mjs:8:37046)
    at Ls (https://framerusercontent.com/sites/HpXkx7LMLmT5DJ5C7LTgx/react.DEKhuLKM.mjs:8:32130)
    at wt (https://framerusercontent.com/sites/HpXkx7LMLmT5DJ5C7LTgx/react.DEKhuLKM.mjs:1:10651)
    at MessagePort.Et (https://framerusercontent.com/sites/HpXkx7LMLmT5DJ5C7LTgx/react.DEKhuLKM.mjs:1:11006) 
    at div
    at c (https://framerusercontent.com/sites/HpXkx7LMLmT5DJ5C7LTgx/motion.CZCgk-Ew.mjs:9:5742)
    at ce (https://framerusercontent.com/sites/HpXkx7LMLmT5DJ5C7LTgx/Yej_aT5yT.HoEc4mfR.mjs:1:5398)
    at div
    at P (https://framerusercontent.com/sites/HpXkx7LMLmT5DJ5C7LTgx/Yej_aT5yT.HoEc4mfR.mjs:17:52)
    at div
    at https://framerusercontent.com/sites/HpXkx7LMLmT5DJ5C7LTgx/framer.geetHFZ_.mjs:915:26561
    at https://framerusercontent.com/sites/HpXkx7LMLmT5DJ5C7LTgx/framer.geetHFZ_.mjs:77:35696
    at sT (https://framerusercontent.com/sites/HpXkx7LMLmT5DJ5C7LTgx/framer.geetHFZ_.mjs:922:708)
    at Suspense
    at ou (https://framerusercontent.com/sites/HpXkx7LMLmT5DJ5C7LTgx/framer.geetHFZ_.mjs:49:70763)
    at fu (https://framerusercontent.com/sites/HpXkx7LMLmT5DJ5C7LTgx/framer.geetHFZ_.mjs:49:71427)
    at du (https://framerusercontent.com/sites/HpXkx7LMLmT5DJ5C7LTgx/framer.geetHFZ_.mjs:49:71289)
    at lf (https://framerusercontent.com/sites/HpXkx7LMLmT5DJ5C7LTgx/motion.CZCgk-Ew.mjs:9:71595)
    at Za (https://framerusercontent.com/sites/HpXkx7LMLmT5DJ5C7LTgx/framer.geetHFZ_.mjs:49:23949)
    at div
    at c (https://framerusercontent.com/sites/HpXkx7LMLmT5DJ5C7LTgx/motion.CZCgk-Ew.mjs:9:5742)
    at https://framerusercontent.com/sites/HpXkx7LMLmT5DJ5C7LTgx/framer.geetHFZ_.mjs:922:1455
    at https://framerusercontent.com/sites/HpXkx7LMLmT5DJ5C7LTgx/framer.geetHFZ_.mjs:915:32042
    at https://framerusercontent.com/sites/HpXkx7LMLmT5DJ5C7LTgx/framer.geetHFZ_.mjs:915:31855
    at div
    at div
    at c (https://framerusercontent.com/sites/HpXkx7LMLmT5DJ5C7LTgx/motion.CZCgk-Ew.mjs:9:5742)
    at div
    at c (https://framerusercontent.com/sites/HpXkx7LMLmT5DJ5C7LTgx/motion.CZCgk-Ew.mjs:9:5742)
    at lf (https://framerusercontent.com/sites/HpXkx7LMLmT5DJ5C7LTgx/motion.CZCgk-Ew.mjs:9:71595)
    at https://framerusercontent.com/sites/HpXkx7LMLmT5DJ5C7LTgx/RPHanEpuSnqkuYsIjl19BFF4nGmc1ghAxCgZ0rDKBP8.oLQjOCVu.mjs:7:136055
    at https://framerusercontent.com/sites/HpXkx7LMLmT5DJ5C7LTgx/framer.geetHFZ_.mjs:77:35696
    at https://framerusercontent.com/sites/HpXkx7LMLmT5DJ5C7LTgx/framer.geetHFZ_.mjs:3:1056
    at div
    at c (https://framerusercontent.com/sites/HpXkx7LMLmT5DJ5C7LTgx/motion.CZCgk-Ew.mjs:9:5742)
    at oa (https://framerusercontent.com/sites/HpXkx7LMLmT5DJ5C7LTgx/motion.CZCgk-Ew.mjs:9:1423)
    at lf (https://framerusercontent.com/sites/HpXkx7LMLmT5DJ5C7LTgx/motion.CZCgk-Ew.mjs:9:71595)
    at https://framerusercontent.com/sites/HpXkx7LMLmT5DJ5C7LTgx/framer.geetHFZ_.mjs:923:5130
    at lf (https://framerusercontent.com/sites/HpXkx7LMLmT5DJ5C7LTgx/motion.CZCgk-Ew.mjs:9:71595)
    at https://framerusercontent.com/sites/HpXkx7LMLmT5DJ5C7LTgx/script_main.BuIIUpYR.mjs:41:39415
    at https://framerusercontent.com/sites/HpXkx7LMLmT5DJ5C7LTgx/framer.geetHFZ_.mjs:77:35696
    at https://framerusercontent.com/sites/HpXkx7LMLmT5DJ5C7LTgx/framer.geetHFZ_.mjs:922:18762
    at Suspense
    at ou (https://framerusercontent.com/sites/HpXkx7LMLmT5DJ5C7LTgx/framer.geetHFZ_.mjs:49:70763)
    at xd (https://framerusercontent.com/sites/HpXkx7LMLmT5DJ5C7LTgx/framer.geetHFZ_.mjs:52:6441)
    at kl (https://framerusercontent.com/sites/HpXkx7LMLmT5DJ5C7LTgx/script_main.BuIIUpYR.mjs:43:298)
    at tp (https://framerusercontent.com/sites/HpXkx7LMLmT5DJ5C7LTgx/framer.geetHFZ_.mjs:54:9914)
    at Yb (https://framerusercontent.com/sites/HpXkx7LMLmT5DJ5C7LTgx/framer.geetHFZ_.mjs:77:6176)
    at Suspense
    at ou (https://framerusercontent.com/sites/HpXkx7LMLmT5DJ5C7LTgx/framer.geetHFZ_.mjs:49:70763)
    at nT (https://framerusercontent.com/sites/HpXkx7LMLmT5DJ5C7LTgx/framer.geetHFZ_.mjs:915:32142)
    at uf (https://framerusercontent.com/sites/HpXkx7LMLmT5DJ5C7LTgx/framer.geetHFZ_.mjs:52:18423)
    at yi (https://framerusercontent.com/sites/HpXkx7LMLmT5DJ5C7LTgx/framer.geetHFZ_.mjs:49:6767)
    at https://framerusercontent.com/sites/HpXkx7LMLmT5DJ5C7LTgx/framer.geetHFZ_.mjs:922:2495
    at https://framerusercontent.com/sites/HpXkx7LMLmT5DJ5C7LTgx/framer.geetHFZ_.mjs:77:35696
    at Ut (https://framerusercontent.com/sites/HpXkx7LMLmT5DJ5C7LTgx/framer.geetHFZ_.mjs:3:3254)
    at ep (https://framerusercontent.com/sites/HpXkx7LMLmT5DJ5C7LTgx/framer.geetHFZ_.mjs:54:5182)
    at pf (https://framerusercontent.com/sites/HpXkx7LMLmT5DJ5C7LTgx/framer.geetHFZ_.mjs:52:19279)
    at tD (https://framerusercontent.com/sites/HpXkx7LMLmT5DJ5C7LTgx/framer.geetHFZ_.mjs:922:18531)
    at Nn (https://framerusercontent.com/sites/HpXkx7LMLmT5DJ5C7LTgx/framer.geetHFZ_.mjs:7:9178)
    at oa (https://framerusercontent.com/sites/HpXkx7LMLmT5DJ5C7LTgx/motion.CZCgk-Ew.mjs:9:1423)
    at ci (https://framerusercontent.com/sites/HpXkx7LMLmT5DJ5C7LTgx/framer.geetHFZ_.mjs:49:6063)
    at up (https://framerusercontent.com/sites/HpXkx7LMLmT5DJ5C7LTgx/framer.geetHFZ_.mjs:54:11076)
    at BT (https://framerusercontent.com/sites/HpXkx7LMLmT5DJ5C7LTgx/framer.geetHFZ_.mjs:922:7756)
    at br (https://framerusercontent.com/sites/HpXkx7LMLmT5DJ5C7LTgx/framer.geetHFZ_.mjs:7:16117) @ https://framerusercontent.com/sites/HpXkx7LMLmT5DJ5C7LTgx/script_main.BuIIUpYR.mjs:42
[    1192ms] [WARNING] Caught a recoverable error. The site is still functional, but might have some UI flickering or degraded page load performance. If you are the author of this website, update external components and check recently added custom code or code overrides to fix the following server/client mismatches:
 Error: Minified React error #418; visit https://reactjs.org/docs/error-decoder.html?invariant=418 for the full message or use the non-minified dev environment for full errors and additional helpful warnings.
    at da (https://framerusercontent.com/sites/HpXkx7LMLmT5DJ5C7LTgx/react.DEKhuLKM.mjs:6:4235)
    at sp (https://framerusercontent.com/sites/HpXkx7LMLmT5DJ5C7LTgx/react.DEKhuLKM.mjs:8:68259)
    at $s (https://framerusercontent.com/sites/HpXkx7LMLmT5DJ5C7LTgx/react.DEKhuLKM.mjs:8:37073)
    at Qs (https://framerusercontent.com/sites/HpXkx7LMLmT5DJ5C7LTgx/react.DEKhuLKM.mjs:8:37046)
    at Ls (https://framerusercontent.com/sites/HpXkx7LMLmT5DJ5C7LTgx/react.DEKhuLKM.mjs:8:32130)
    at wt (https://framerusercontent.com/sites/HpXkx7LMLmT5DJ5C7LTgx/react.DEKhuLKM.mjs:1:10651)
    at MessagePort.Et (https://framerusercontent.com/sites/HpXkx7LMLmT5DJ5C7LTgx/react.DEKhuLKM.mjs:1:11006) 
    at div
    at c (https://framerusercontent.com/sites/HpXkx7LMLmT5DJ5C7LTgx/motion.CZCgk-Ew.mjs:9:5742)
    at ce (https://framerusercontent.com/sites/HpXkx7LMLmT5DJ5C7LTgx/Yej_aT5yT.HoEc4mfR.mjs:1:5398)
    at div
    at P (https://framerusercontent.com/sites/HpXkx7LMLmT5DJ5C7LTgx/Yej_aT5yT.HoEc4mfR.mjs:17:52)
    at div
    at https://framerusercontent.com/sites/HpXkx7LMLmT5DJ5C7LTgx/framer.geetHFZ_.mjs:915:26561
    at https://framerusercontent.com/sites/HpXkx7LMLmT5DJ5C7LTgx/framer.geetHFZ_.mjs:77:35696
    at sT (https://framerusercontent.com/sites/HpXkx7LMLmT5DJ5C7LTgx/framer.geetHFZ_.mjs:922:708)
    at Suspense
    at ou (https://framerusercontent.com/sites/HpXkx7LMLmT5DJ5C7LTgx/framer.geetHFZ_.mjs:49:70763)
    at fu (https://framerusercontent.com/sites/HpXkx7LMLmT5DJ5C7LTgx/framer.geetHFZ_.mjs:49:71427)
    at du (https://framerusercontent.com/sites/HpXkx7LMLmT5DJ5C7LTgx/framer.geetHFZ_.mjs:49:71289)
    at lf (https://framerusercontent.com/sites/HpXkx7LMLmT5DJ5C7LTgx/motion.CZCgk-Ew.mjs:9:71595)
    at Za (https://framerusercontent.com/sites/HpXkx7LMLmT5DJ5C7LTgx/framer.geetHFZ_.mjs:49:23949)
    at div
    at c (https://framerusercontent.com/sites/HpXkx7LMLmT5DJ5C7LTgx/motion.CZCgk-Ew.mjs:9:5742)
    at https://framerusercontent.com/sites/HpXkx7LMLmT5DJ5C7LTgx/framer.geetHFZ_.mjs:922:1455
    at https://framerusercontent.com/sites/HpXkx7LMLmT5DJ5C7LTgx/framer.geetHFZ_.mjs:915:32042
    at https://framerusercontent.com/sites/HpXkx7LMLmT5DJ5C7LTgx/framer.geetHFZ_.mjs:915:31855
    at div
    at div
    at c (https://framerusercontent.com/sites/HpXkx7LMLmT5DJ5C7LTgx/motion.CZCgk-Ew.mjs:9:5742)
    at div
    at c (https://framerusercontent.com/sites/HpXkx7LMLmT5DJ5C7LTgx/motion.CZCgk-Ew.mjs:9:5742)
    at lf (https://framerusercontent.com/sites/HpXkx7LMLmT5DJ5C7LTgx/motion.CZCgk-Ew.mjs:9:71595)
    at https://framerusercontent.com/sites/HpXkx7LMLmT5DJ5C7LTgx/RPHanEpuSnqkuYsIjl19BFF4nGmc1ghAxCgZ0rDKBP8.oLQjOCVu.mjs:7:136055
    at https://framerusercontent.com/sites/HpXkx7LMLmT5DJ5C7LTgx/framer.geetHFZ_.mjs:77:35696
    at https://framerusercontent.com/sites/HpXkx7LMLmT5DJ5C7LTgx/framer.geetHFZ_.mjs:3:1056
    at div
    at c (https://framerusercontent.com/sites/HpXkx7LMLmT5DJ5C7LTgx/motion.CZCgk-Ew.mjs:9:5742)
    at oa (https://framerusercontent.com/sites/HpXkx7LMLmT5DJ5C7LTgx/motion.CZCgk-Ew.mjs:9:1423)
    at lf (https://framerusercontent.com/sites/HpXkx7LMLmT5DJ5C7LTgx/motion.CZCgk-Ew.mjs:9:71595)
    at https://framerusercontent.com/sites/HpXkx7LMLmT5DJ5C7LTgx/framer.geetHFZ_.mjs:923:5130
    at lf (https://framerusercontent.com/sites/HpXkx7LMLmT5DJ5C7LTgx/motion.CZCgk-Ew.mjs:9:71595)
    at https://framerusercontent.com/sites/HpXkx7LMLmT5DJ5C7LTgx/script_main.BuIIUpYR.mjs:41:39415
    at https://framerusercontent.com/sites/HpXkx7LMLmT5DJ5C7LTgx/framer.geetHFZ_.mjs:77:35696
    at https://framerusercontent.com/sites/HpXkx7LMLmT5DJ5C7LTgx/framer.geetHFZ_.mjs:922:18762
    at Suspense
    at ou (https://framerusercontent.com/sites/HpXkx7LMLmT5DJ5C7LTgx/framer.geetHFZ_.mjs:49:70763)
    at xd (https://framerusercontent.com/sites/HpXkx7LMLmT5DJ5C7LTgx/framer.geetHFZ_.mjs:52:6441)
    at kl (https://framerusercontent.com/sites/HpXkx7LMLmT5DJ5C7LTgx/script_main.BuIIUpYR.mjs:43:298)
    at tp (https://framerusercontent.com/sites/HpXkx7LMLmT5DJ5C7LTgx/framer.geetHFZ_.mjs:54:9914)
    at Yb (https://framerusercontent.com/sites/HpXkx7LMLmT5DJ5C7LTgx/framer.geetHFZ_.mjs:77:6176)
    at Suspense
    at ou (https://framerusercontent.com/sites/HpXkx7LMLmT5DJ5C7LTgx/framer.geetHFZ_.mjs:49:70763)
    at nT (https://framerusercontent.com/sites/HpXkx7LMLmT5DJ5C7LTgx/framer.geetHFZ_.mjs:915:32142)
    at uf (https://framerusercontent.com/sites/HpXkx7LMLmT5DJ5C7LTgx/framer.geetHFZ_.mjs:52:18423)
    at yi (https://framerusercontent.com/sites/HpXkx7LMLmT5DJ5C7LTgx/framer.geetHFZ_.mjs:49:6767)
    at https://framerusercontent.com/sites/HpXkx7LMLmT5DJ5C7LTgx/framer.geetHFZ_.mjs:922:2495
    at https://framerusercontent.com/sites/HpXkx7LMLmT5DJ5C7LTgx/framer.geetHFZ_.mjs:77:35696
    at Ut (https://framerusercontent.com/sites/HpXkx7LMLmT5DJ5C7LTgx/framer.geetHFZ_.mjs:3:3254)
    at ep (https://framerusercontent.com/sites/HpXkx7LMLmT5DJ5C7LTgx/framer.geetHFZ_.mjs:54:5182)
    at pf (https://framerusercontent.com/sites/HpXkx7LMLmT5DJ5C7LTgx/framer.geetHFZ_.mjs:52:19279)
    at tD (https://framerusercontent.com/sites/HpXkx7LMLmT5DJ5C7LTgx/framer.geetHFZ_.mjs:922:18531)
    at Nn (https://framerusercontent.com/sites/HpXkx7LMLmT5DJ5C7LTgx/framer.geetHFZ_.mjs:7:9178)
    at oa (https://framerusercontent.com/sites/HpXkx7LMLmT5DJ5C7LTgx/motion.CZCgk-Ew.mjs:9:1423)
    at ci (https://framerusercontent.com/sites/HpXkx7LMLmT5DJ5C7LTgx/framer.geetHFZ_.mjs:49:6063)
    at up (https://framerusercontent.com/sites/HpXkx7LMLmT5DJ5C7LTgx/framer.geetHFZ_.mjs:54:11076)
    at BT (https://framerusercontent.com/sites/HpXkx7LMLmT5DJ5C7LTgx/framer.geetHFZ_.mjs:922:7756)
    at br (https://framerusercontent.com/sites/HpXkx7LMLmT5DJ5C7LTgx/framer.geetHFZ_.mjs:7:16117) @ https://framerusercontent.com/sites/HpXkx7LMLmT5DJ5C7LTgx/script_main.BuIIUpYR.mjs:42
[    1193ms] [WARNING] Caught a recoverable error. The site is still functional, but might have some UI flickering or degraded page load performance. If you are the author of this website, update external components and check recently added custom code or code overrides to fix the following server/client mismatches:
 Error: Minified React error #418; visit https://reactjs.org/docs/error-decoder.html?invariant=418 for the full message or use the non-minified dev environment for full errors and additional helpful warnings.
    at da (https://framerusercontent.com/sites/HpXkx7LMLmT5DJ5C7LTgx/react.DEKhuLKM.mjs:6:4235)
    at sp (https://framerusercontent.com/sites/HpXkx7LMLmT5DJ5C7LTgx/react.DEKhuLKM.mjs:8:68259)
    at $s (https://framerusercontent.com/sites/HpXkx7LMLmT5DJ5C7LTgx/react.DEKhuLKM.mjs:8:37073)
    at Qs (https://framerusercontent.com/sites/HpXkx7LMLmT5DJ5C7LTgx/react.DEKhuLKM.mjs:8:37046)
    at Ls (https://framerusercontent.com/sites/HpXkx7LMLmT5DJ5C7LTgx/react.DEKhuLKM.mjs:8:32130)
    at wt (https://framerusercontent.com/sites/HpXkx7LMLmT5DJ5C7LTgx/react.DEKhuLKM.mjs:1:10651)
    at MessagePort.Et (https://framerusercontent.com/sites/HpXkx7LMLmT5DJ5C7LTgx/react.DEKhuLKM.mjs:1:11006) 
    at div
    at c (https://framerusercontent.com/sites/HpXkx7LMLmT5DJ5C7LTgx/motion.CZCgk-Ew.mjs:9:5742)
    at ce (https://framerusercontent.com/sites/HpXkx7LMLmT5DJ5C7LTgx/Yej_aT5yT.HoEc4mfR.mjs:1:5398)
    at div
    at P (https://framerusercontent.com/sites/HpXkx7LMLmT5DJ5C7LTgx/Yej_aT5yT.HoEc4mfR.mjs:17:52)
    at div
    at https://framerusercontent.com/sites/HpXkx7LMLmT5DJ5C7LTgx/framer.geetHFZ_.mjs:915:26561
    at https://framerusercontent.com/sites/HpXkx7LMLmT5DJ5C7LTgx/framer.geetHFZ_.mjs:77:35696
    at sT (https://framerusercontent.com/sites/HpXkx7LMLmT5DJ5C7LTgx/framer.geetHFZ_.mjs:922:708)
    at Suspense
    at ou (https://framerusercontent.com/sites/HpXkx7LMLmT5DJ5C7LTgx/framer.geetHFZ_.mjs:49:70763)
    at fu (https://framerusercontent.com/sites/HpXkx7LMLmT5DJ5C7LTgx/framer.geetHFZ_.mjs:49:71427)
    at du (https://framerusercontent.com/sites/HpXkx7LMLmT5DJ5C7LTgx/framer.geetHFZ_.mjs:49:71289)
    at lf (https://framerusercontent.com/sites/HpXkx7LMLmT5DJ5C7LTgx/motion.CZCgk-Ew.mjs:9:71595)
    at Za (https://framerusercontent.com/sites/HpXkx7LMLmT5DJ5C7LTgx/framer.geetHFZ_.mjs:49:23949)
    at div
    at c (https://framerusercontent.com/sites/HpXkx7LMLmT5DJ5C7LTgx/motion.CZCgk-Ew.mjs:9:5742)
    at https://framerusercontent.com/sites/HpXkx7LMLmT5DJ5C7LTgx/framer.geetHFZ_.mjs:922:1455
    at https://framerusercontent.com/sites/HpXkx7LMLmT5DJ5C7LTgx/framer.geetHFZ_.mjs:915:32042
    at https://framerusercontent.com/sites/HpXkx7LMLmT5DJ5C7LTgx/framer.geetHFZ_.mjs:915:31855
    at div
    at div
    at c (https://framerusercontent.com/sites/HpXkx7LMLmT5DJ5C7LTgx/motion.CZCgk-Ew.mjs:9:5742)
    at div
    at c (https://framerusercontent.com/sites/HpXkx7LMLmT5DJ5C7LTgx/motion.CZCgk-Ew.mjs:9:5742)
    at lf (https://framerusercontent.com/sites/HpXkx7LMLmT5DJ5C7LTgx/motion.CZCgk-Ew.mjs:9:71595)
    at https://framerusercontent.com/sites/HpXkx7LMLmT5DJ5C7LTgx/RPHanEpuSnqkuYsIjl19BFF4nGmc1ghAxCgZ0rDKBP8.oLQjOCVu.mjs:7:136055
    at https://framerusercontent.com/sites/HpXkx7LMLmT5DJ5C7LTgx/framer.geetHFZ_.mjs:77:35696
    at https://framerusercontent.com/sites/HpXkx7LMLmT5DJ5C7LTgx/framer.geetHFZ_.mjs:3:1056
    at div
    at c (https://framerusercontent.com/sites/HpXkx7LMLmT5DJ5C7LTgx/motion.CZCgk-Ew.mjs:9:5742)
    at oa (https://framerusercontent.com/sites/HpXkx7LMLmT5DJ5C7LTgx/motion.CZCgk-Ew.mjs:9:1423)
    at lf (https://framerusercontent.com/sites/HpXkx7LMLmT5DJ5C7LTgx/motion.CZCgk-Ew.mjs:9:71595)
    at https://framerusercontent.com/sites/HpXkx7LMLmT5DJ5C7LTgx/framer.geetHFZ_.mjs:923:5130
    at lf (https://framerusercontent.com/sites/HpXkx7LMLmT5DJ5C7LTgx/motion.CZCgk-Ew.mjs:9:71595)
    at https://framerusercontent.com/sites/HpXkx7LMLmT5DJ5C7LTgx/script_main.BuIIUpYR.mjs:41:39415
    at https://framerusercontent.com/sites/HpXkx7LMLmT5DJ5C7LTgx/framer.geetHFZ_.mjs:77:35696
    at https://framerusercontent.com/sites/HpXkx7LMLmT5DJ5C7LTgx/framer.geetHFZ_.mjs:922:18762
    at Suspense
    at ou (https://framerusercontent.com/sites/HpXkx7LMLmT5DJ5C7LTgx/framer.geetHFZ_.mjs:49:70763)
    at xd (https://framerusercontent.com/sites/HpXkx7LMLmT5DJ5C7LTgx/framer.geetHFZ_.mjs:52:6441)
    at kl (https://framerusercontent.com/sites/HpXkx7LMLmT5DJ5C7LTgx/script_main.BuIIUpYR.mjs:43:298)
    at tp (https://framerusercontent.com/sites/HpXkx7LMLmT5DJ5C7LTgx/framer.geetHFZ_.mjs:54:9914)
    at Yb (https://framerusercontent.com/sites/HpXkx7LMLmT5DJ5C7LTgx/framer.geetHFZ_.mjs:77:6176)
    at Suspense
    at ou (https://framerusercontent.com/sites/HpXkx7LMLmT5DJ5C7LTgx/framer.geetHFZ_.mjs:49:70763)
    at nT (https://framerusercontent.com/sites/HpXkx7LMLmT5DJ5C7LTgx/framer.geetHFZ_.mjs:915:32142)
    at uf (https://framerusercontent.com/sites/HpXkx7LMLmT5DJ5C7LTgx/framer.geetHFZ_.mjs:52:18423)
    at yi (https://framerusercontent.com/sites/HpXkx7LMLmT5DJ5C7LTgx/framer.geetHFZ_.mjs:49:6767)
    at https://framerusercontent.com/sites/HpXkx7LMLmT5DJ5C7LTgx/framer.geetHFZ_.mjs:922:2495
    at https://framerusercontent.com/sites/HpXkx7LMLmT5DJ5C7LTgx/framer.geetHFZ_.mjs:77:35696
    at Ut (https://framerusercontent.com/sites/HpXkx7LMLmT5DJ5C7LTgx/framer.geetHFZ_.mjs:3:3254)
    at ep (https://framerusercontent.com/sites/HpXkx7LMLmT5DJ5C7LTgx/framer.geetHFZ_.mjs:54:5182)
    at pf (https://framerusercontent.com/sites/HpXkx7LMLmT5DJ5C7LTgx/framer.geetHFZ_.mjs:52:19279)
    at tD (https://framerusercontent.com/sites/HpXkx7LMLmT5DJ5C7LTgx/framer.geetHFZ_.mjs:922:18531)
    at Nn (https://framerusercontent.com/sites/HpXkx7LMLmT5DJ5C7LTgx/framer.geetHFZ_.mjs:7:9178)
    at oa (https://framerusercontent.com/sites/HpXkx7LMLmT5DJ5C7LTgx/motion.CZCgk-Ew.mjs:9:1423)
    at ci (https://framerusercontent.com/sites/HpXkx7LMLmT5DJ5C7LTgx/framer.geetHFZ_.mjs:49:6063)
    at up (https://framerusercontent.com/sites/HpXkx7LMLmT5DJ5C7LTgx/framer.geetHFZ_.mjs:54:11076)
    at BT (https://framerusercontent.com/sites/HpXkx7LMLmT5DJ5C7LTgx/framer.geetHFZ_.mjs:922:7756)
    at br (https://framerusercontent.com/sites/HpXkx7LMLmT5DJ5C7LTgx/framer.geetHFZ_.mjs:7:16117) @ https://framerusercontent.com/sites/HpXkx7LMLmT5DJ5C7LTgx/script_main.BuIIUpYR.mjs:42
[    1193ms] [WARNING] Caught a recoverable error. The site is still functional, but might have some UI flickering or degraded page load performance. If you are the author of this website, update external components and check recently added custom code or code overrides to fix the following server/client mismatches:
 Error: Minified React error #418; visit https://reactjs.org/docs/error-decoder.html?invariant=418 for the full message or use the non-minified dev environment for full errors and additional helpful warnings.
    at da (https://framerusercontent.com/sites/HpXkx7LMLmT5DJ5C7LTgx/react.DEKhuLKM.mjs:6:4235)
    at sp (https://framerusercontent.com/sites/HpXkx7LMLmT5DJ5C7LTgx/react.DEKhuLKM.mjs:8:68259)
    at $s (https://framerusercontent.com/sites/HpXkx7LMLmT5DJ5C7LTgx/react.DEKhuLKM.mjs:8:37073)
    at Qs (https://framerusercontent.com/sites/HpXkx7LMLmT5DJ5C7LTgx/react.DEKhuLKM.mjs:8:37046)
    at Ls (https://framerusercontent.com/sites/HpXkx7LMLmT5DJ5C7LTgx/react.DEKhuLKM.mjs:8:32130)
    at wt (https://framerusercontent.com/sites/HpXkx7LMLmT5DJ5C7LTgx/react.DEKhuLKM.mjs:1:10651)
    at MessagePort.Et (https://framerusercontent.com/sites/HpXkx7LMLmT5DJ5C7LTgx/react.DEKhuLKM.mjs:1:11006) 
    at div
    at c (https://framerusercontent.com/sites/HpXkx7LMLmT5DJ5C7LTgx/motion.CZCgk-Ew.mjs:9:5742)
    at ce (https://framerusercontent.com/sites/HpXkx7LMLmT5DJ5C7LTgx/Yej_aT5yT.HoEc4mfR.mjs:1:5398)
    at div
    at P (https://framerusercontent.com/sites/HpXkx7LMLmT5DJ5C7LTgx/Yej_aT5yT.HoEc4mfR.mjs:17:52)
    at div
    at https://framerusercontent.com/sites/HpXkx7LMLmT5DJ5C7LTgx/framer.geetHFZ_.mjs:915:26561
    at https://framerusercontent.com/sites/HpXkx7LMLmT5DJ5C7LTgx/framer.geetHFZ_.mjs:77:35696
    at sT (https://framerusercontent.com/sites/HpXkx7LMLmT5DJ5C7LTgx/framer.geetHFZ_.mjs:922:708)
    at Suspense
    at ou (https://framerusercontent.com/sites/HpXkx7LMLmT5DJ5C7LTgx/framer.geetHFZ_.mjs:49:70763)
    at fu (https://framerusercontent.com/sites/HpXkx7LMLmT5DJ5C7LTgx/framer.geetHFZ_.mjs:49:71427)
    at du (https://framerusercontent.com/sites/HpXkx7LMLmT5DJ5C7LTgx/framer.geetHFZ_.mjs:49:71289)
    at lf (https://framerusercontent.com/sites/HpXkx7LMLmT5DJ5C7LTgx/motion.CZCgk-Ew.mjs:9:71595)
    at Za (https://framerusercontent.com/sites/HpXkx7LMLmT5DJ5C7LTgx/framer.geetHFZ_.mjs:49:23949)
    at div
    at c (https://framerusercontent.com/sites/HpXkx7LMLmT5DJ5C7LTgx/motion.CZCgk-Ew.mjs:9:5742)
    at https://framerusercontent.com/sites/HpXkx7LMLmT5DJ5C7LTgx/framer.geetHFZ_.mjs:922:1455
    at https://framerusercontent.com/sites/HpXkx7LMLmT5DJ5C7LTgx/framer.geetHFZ_.mjs:915:32042
    at https://framerusercontent.com/sites/HpXkx7LMLmT5DJ5C7LTgx/framer.geetHFZ_.mjs:915:31855
    at div
    at div
    at c (https://framerusercontent.com/sites/HpXkx7LMLmT5DJ5C7LTgx/motion.CZCgk-Ew.mjs:9:5742)
    at div
    at c (https://framerusercontent.com/sites/HpXkx7LMLmT5DJ5C7LTgx/motion.CZCgk-Ew.mjs:9:5742)
    at lf (https://framerusercontent.com/sites/HpXkx7LMLmT5DJ5C7LTgx/motion.CZCgk-Ew.mjs:9:71595)
    at https://framerusercontent.com/sites/HpXkx7LMLmT5DJ5C7LTgx/RPHanEpuSnqkuYsIjl19BFF4nGmc1ghAxCgZ0rDKBP8.oLQjOCVu.mjs:7:136055
    at https://framerusercontent.com/sites/HpXkx7LMLmT5DJ5C7LTgx/framer.geetHFZ_.mjs:77:35696
    at https://framerusercontent.com/sites/HpXkx7LMLmT5DJ5C7LTgx/framer.geetHFZ_.mjs:3:1056
    at div
    at c (https://framerusercontent.com/sites/HpXkx7LMLmT5DJ5C7LTgx/motion.CZCgk-Ew.mjs:9:5742)
    at oa (https://framerusercontent.com/sites/HpXkx7LMLmT5DJ5C7LTgx/motion.CZCgk-Ew.mjs:9:1423)
    at lf (https://framerusercontent.com/sites/HpXkx7LMLmT5DJ5C7LTgx/motion.CZCgk-Ew.mjs:9:71595)
    at https://framerusercontent.com/sites/HpXkx7LMLmT5DJ5C7LTgx/framer.geetHFZ_.mjs:923:5130
    at lf (https://framerusercontent.com/sites/HpXkx7LMLmT5DJ5C7LTgx/motion.CZCgk-Ew.mjs:9:71595)
    at https://framerusercontent.com/sites/HpXkx7LMLmT5DJ5C7LTgx/script_main.BuIIUpYR.mjs:41:39415
    at https://framerusercontent.com/sites/HpXkx7LMLmT5DJ5C7LTgx/framer.geetHFZ_.mjs:77:35696
    at https://framerusercontent.com/sites/HpXkx7LMLmT5DJ5C7LTgx/framer.geetHFZ_.mjs:922:18762
    at Suspense
    at ou (https://framerusercontent.com/sites/HpXkx7LMLmT5DJ5C7LTgx/framer.geetHFZ_.mjs:49:70763)
    at xd (https://framerusercontent.com/sites/HpXkx7LMLmT5DJ5C7LTgx/framer.geetHFZ_.mjs:52:6441)
    at kl (https://framerusercontent.com/sites/HpXkx7LMLmT5DJ5C7LTgx/script_main.BuIIUpYR.mjs:43:298)
    at tp (https://framerusercontent.com/sites/HpXkx7LMLmT5DJ5C7LTgx/framer.geetHFZ_.mjs:54:9914)
    at Yb (https://framerusercontent.com/sites/HpXkx7LMLmT5DJ5C7LTgx/framer.geetHFZ_.mjs:77:6176)
    at Suspense
    at ou (https://framerusercontent.com/sites/HpXkx7LMLmT5DJ5C7LTgx/framer.geetHFZ_.mjs:49:70763)
    at nT (https://framerusercontent.com/sites/HpXkx7LMLmT5DJ5C7LTgx/framer.geetHFZ_.mjs:915:32142)
    at uf (https://framerusercontent.com/sites/HpXkx7LMLmT5DJ5C7LTgx/framer.geetHFZ_.mjs:52:18423)
    at yi (https://framerusercontent.com/sites/HpXkx7LMLmT5DJ5C7LTgx/framer.geetHFZ_.mjs:49:6767)
    at https://framerusercontent.com/sites/HpXkx7LMLmT5DJ5C7LTgx/framer.geetHFZ_.mjs:922:2495
    at https://framerusercontent.com/sites/HpXkx7LMLmT5DJ5C7LTgx/framer.geetHFZ_.mjs:77:35696
    at Ut (https://framerusercontent.com/sites/HpXkx7LMLmT5DJ5C7LTgx/framer.geetHFZ_.mjs:3:3254)
    at ep (https://framerusercontent.com/sites/HpXkx7LMLmT5DJ5C7LTgx/framer.geetHFZ_.mjs:54:5182)
    at pf (https://framerusercontent.com/sites/HpXkx7LMLmT5DJ5C7LTgx/framer.geetHFZ_.mjs:52:19279)
    at tD (https://framerusercontent.com/sites/HpXkx7LMLmT5DJ5C7LTgx/framer.geetHFZ_.mjs:922:18531)
    at Nn (https://framerusercontent.com/sites/HpXkx7LMLmT5DJ5C7LTgx/framer.geetHFZ_.mjs:7:9178)
    at oa (https://framerusercontent.com/sites/HpXkx7LMLmT5DJ5C7LTgx/motion.CZCgk-Ew.mjs:9:1423)
    at ci (https://framerusercontent.com/sites/HpXkx7LMLmT5DJ5C7LTgx/framer.geetHFZ_.mjs:49:6063)
    at up (https://framerusercontent.com/sites/HpXkx7LMLmT5DJ5C7LTgx/framer.geetHFZ_.mjs:54:11076)
    at BT (https://framerusercontent.com/sites/HpXkx7LMLmT5DJ5C7LTgx/framer.geetHFZ_.mjs:922:7756)
    at br (https://framerusercontent.com/sites/HpXkx7LMLmT5DJ5C7LTgx/framer.geetHFZ_.mjs:7:16117) @ https://framerusercontent.com/sites/HpXkx7LMLmT5DJ5C7LTgx/script_main.BuIIUpYR.mjs:42
[    1194ms] [WARNING] Caught a recoverable error. The site is still functional, but might have some UI flickering or degraded page load performance. If you are the author of this website, update external components and check recently added custom code or code overrides to fix the following server/client mismatches:
 Error: Minified React error #418; visit https://reactjs.org/docs/error-decoder.html?invariant=418 for the full message or use the non-minified dev environment for full errors and additional helpful warnings.
    at da (https://framerusercontent.com/sites/HpXkx7LMLmT5DJ5C7LTgx/react.DEKhuLKM.mjs:6:4235)
    at sp (https://framerusercontent.com/sites/HpXkx7LMLmT5DJ5C7LTgx/react.DEKhuLKM.mjs:8:68259)
    at $s (https://framerusercontent.com/sites/HpXkx7LMLmT5DJ5C7LTgx/react.DEKhuLKM.mjs:8:37073)
    at Qs (https://framerusercontent.com/sites/HpXkx7LMLmT5DJ5C7LTgx/react.DEKhuLKM.mjs:8:37046)
    at Ls (https://framerusercontent.com/sites/HpXkx7LMLmT5DJ5C7LTgx/react.DEKhuLKM.mjs:8:32130)
    at wt (https://framerusercontent.com/sites/HpXkx7LMLmT5DJ5C7LTgx/react.DEKhuLKM.mjs:1:10651)
    at MessagePort.Et (https://framerusercontent.com/sites/HpXkx7LMLmT5DJ5C7LTgx/react.DEKhuLKM.mjs:1:11006) 
    at div
    at c (https://framerusercontent.com/sites/HpXkx7LMLmT5DJ5C7LTgx/motion.CZCgk-Ew.mjs:9:5742)
    at ce (https://framerusercontent.com/sites/HpXkx7LMLmT5DJ5C7LTgx/Yej_aT5yT.HoEc4mfR.mjs:1:5398)
    at div
    at P (https://framerusercontent.com/sites/HpXkx7LMLmT5DJ5C7LTgx/Yej_aT5yT.HoEc4mfR.mjs:17:52)
    at div
    at https://framerusercontent.com/sites/HpXkx7LMLmT5DJ5C7LTgx/framer.geetHFZ_.mjs:915:26561
    at https://framerusercontent.com/sites/HpXkx7LMLmT5DJ5C7LTgx/framer.geetHFZ_.mjs:77:35696
    at sT (https://framerusercontent.com/sites/HpXkx7LMLmT5DJ5C7LTgx/framer.geetHFZ_.mjs:922:708)
    at Suspense
    at ou (https://framerusercontent.com/sites/HpXkx7LMLmT5DJ5C7LTgx/framer.geetHFZ_.mjs:49:70763)
    at fu (https://framerusercontent.com/sites/HpXkx7LMLmT5DJ5C7LTgx/framer.geetHFZ_.mjs:49:71427)
    at du (https://framerusercontent.com/sites/HpXkx7LMLmT5DJ5C7LTgx/framer.geetHFZ_.mjs:49:71289)
    at lf (https://framerusercontent.com/sites/HpXkx7LMLmT5DJ5C7LTgx/motion.CZCgk-Ew.mjs:9:71595)
    at Za (https://framerusercontent.com/sites/HpXkx7LMLmT5DJ5C7LTgx/framer.geetHFZ_.mjs:49:23949)
    at div
    at c (https://framerusercontent.com/sites/HpXkx7LMLmT5DJ5C7LTgx/motion.CZCgk-Ew.mjs:9:5742)
    at https://framerusercontent.com/sites/HpXkx7LMLmT5DJ5C7LTgx/framer.geetHFZ_.mjs:922:1455
    at https://framerusercontent.com/sites/HpXkx7LMLmT5DJ5C7LTgx/framer.geetHFZ_.mjs:915:32042
    at https://framerusercontent.com/sites/HpXkx7LMLmT5DJ5C7LTgx/framer.geetHFZ_.mjs:915:31855
    at div
    at div
    at c (https://framerusercontent.com/sites/HpXkx7LMLmT5DJ5C7LTgx/motion.CZCgk-Ew.mjs:9:5742)
    at div
    at c (https://framerusercontent.com/sites/HpXkx7LMLmT5DJ5C7LTgx/motion.CZCgk-Ew.mjs:9:5742)
    at lf (https://framerusercontent.com/sites/HpXkx7LMLmT5DJ5C7LTgx/motion.CZCgk-Ew.mjs:9:71595)
    at https://framerusercontent.com/sites/HpXkx7LMLmT5DJ5C7LTgx/RPHanEpuSnqkuYsIjl19BFF4nGmc1ghAxCgZ0rDKBP8.oLQjOCVu.mjs:7:136055
    at https://framerusercontent.com/sites/HpXkx7LMLmT5DJ5C7LTgx/framer.geetHFZ_.mjs:77:35696
    at https://framerusercontent.com/sites/HpXkx7LMLmT5DJ5C7LTgx/framer.geetHFZ_.mjs:3:1056
    at div
    at c (https://framerusercontent.com/sites/HpXkx7LMLmT5DJ5C7LTgx/motion.CZCgk-Ew.mjs:9:5742)
    at oa (https://framerusercontent.com/sites/HpXkx7LMLmT5DJ5C7LTgx/motion.CZCgk-Ew.mjs:9:1423)
    at lf (https://framerusercontent.com/sites/HpXkx7LMLmT5DJ5C7LTgx/motion.CZCgk-Ew.mjs:9:71595)
    at https://framerusercontent.com/sites/HpXkx7LMLmT5DJ5C7LTgx/framer.geetHFZ_.mjs:923:5130
    at lf (https://framerusercontent.com/sites/HpXkx7LMLmT5DJ5C7LTgx/motion.CZCgk-Ew.mjs:9:71595)
    at https://framerusercontent.com/sites/HpXkx7LMLmT5DJ5C7LTgx/script_main.BuIIUpYR.mjs:41:39415
    at https://framerusercontent.com/sites/HpXkx7LMLmT5DJ5C7LTgx/framer.geetHFZ_.mjs:77:35696
    at https://framerusercontent.com/sites/HpXkx7LMLmT5DJ5C7LTgx/framer.geetHFZ_.mjs:922:18762
    at Suspense
    at ou (https://framerusercontent.com/sites/HpXkx7LMLmT5DJ5C7LTgx/framer.geetHFZ_.mjs:49:70763)
    at xd (https://framerusercontent.com/sites/HpXkx7LMLmT5DJ5C7LTgx/framer.geetHFZ_.mjs:52:6441)
    at kl (https://framerusercontent.com/sites/HpXkx7LMLmT5DJ5C7LTgx/script_main.BuIIUpYR.mjs:43:298)
    at tp (https://framerusercontent.com/sites/HpXkx7LMLmT5DJ5C7LTgx/framer.geetHFZ_.mjs:54:9914)
    at Yb (https://framerusercontent.com/sites/HpXkx7LMLmT5DJ5C7LTgx/framer.geetHFZ_.mjs:77:6176)
    at Suspense
    at ou (https://framerusercontent.com/sites/HpXkx7LMLmT5DJ5C7LTgx/framer.geetHFZ_.mjs:49:70763)
    at nT (https://framerusercontent.com/sites/HpXkx7LMLmT5DJ5C7LTgx/framer.geetHFZ_.mjs:915:32142)
    at uf (https://framerusercontent.com/sites/HpXkx7LMLmT5DJ5C7LTgx/framer.geetHFZ_.mjs:52:18423)
    at yi (https://framerusercontent.com/sites/HpXkx7LMLmT5DJ5C7LTgx/framer.geetHFZ_.mjs:49:6767)
    at https://framerusercontent.com/sites/HpXkx7LMLmT5DJ5C7LTgx/framer.geetHFZ_.mjs:922:2495
    at https://framerusercontent.com/sites/HpXkx7LMLmT5DJ5C7LTgx/framer.geetHFZ_.mjs:77:35696
    at Ut (https://framerusercontent.com/sites/HpXkx7LMLmT5DJ5C7LTgx/framer.geetHFZ_.mjs:3:3254)
    at ep (https://framerusercontent.com/sites/HpXkx7LMLmT5DJ5C7LTgx/framer.geetHFZ_.mjs:54:5182)
    at pf (https://framerusercontent.com/sites/HpXkx7LMLmT5DJ5C7LTgx/framer.geetHFZ_.mjs:52:19279)
    at tD (https://framerusercontent.com/sites/HpXkx7LMLmT5DJ5C7LTgx/framer.geetHFZ_.mjs:922:18531)
    at Nn (https://framerusercontent.com/sites/HpXkx7LMLmT5DJ5C7LTgx/framer.geetHFZ_.mjs:7:9178)
    at oa (https://framerusercontent.com/sites/HpXkx7LMLmT5DJ5C7LTgx/motion.CZCgk-Ew.mjs:9:1423)
    at ci (https://framerusercontent.com/sites/HpXkx7LMLmT5DJ5C7LTgx/framer.geetHFZ_.mjs:49:6063)
    at up (https://framerusercontent.com/sites/HpXkx7LMLmT5DJ5C7LTgx/framer.geetHFZ_.mjs:54:11076)
    at BT (https://framerusercontent.com/sites/HpXkx7LMLmT5DJ5C7LTgx/framer.geetHFZ_.mjs:922:7756)
    at br (https://framerusercontent.com/sites/HpXkx7LMLmT5DJ5C7LTgx/framer.geetHFZ_.mjs:7:16117) @ https://framerusercontent.com/sites/HpXkx7LMLmT5DJ5C7LTgx/script_main.BuIIUpYR.mjs:42
[    1195ms] [WARNING] Caught a recoverable error. The site is still functional, but might have some UI flickering or degraded page load performance. If you are the author of this website, update external components and check recently added custom code or code overrides to fix the following server/client mismatches:
 Error: Minified React error #422; visit https://reactjs.org/docs/error-decoder.html?invariant=422 for the full message or use the non-minified dev environment for full errors and additional helpful warnings.
    at ns (https://framerusercontent.com/sites/HpXkx7LMLmT5DJ5C7LTgx/react.DEKhuLKM.mjs:8:8255)
    at $o (https://framerusercontent.com/sites/HpXkx7LMLmT5DJ5C7LTgx/react.DEKhuLKM.mjs:8:7196)
    at sp (https://framerusercontent.com/sites/HpXkx7LMLmT5DJ5C7LTgx/react.DEKhuLKM.mjs:8:68461)
    at $s (https://framerusercontent.com/sites/HpXkx7LMLmT5DJ5C7LTgx/react.DEKhuLKM.mjs:8:37073)
    at Qs (https://framerusercontent.com/sites/HpXkx7LMLmT5DJ5C7LTgx/react.DEKhuLKM.mjs:8:37046)
    at Ls (https://framerusercontent.com/sites/HpXkx7LMLmT5DJ5C7LTgx/react.DEKhuLKM.mjs:8:32130)
    at wt (https://framerusercontent.com/sites/HpXkx7LMLmT5DJ5C7LTgx/react.DEKhuLKM.mjs:1:10651)
    at MessagePort.Et (https://framerusercontent.com/sites/HpXkx7LMLmT5DJ5C7LTgx/react.DEKhuLKM.mjs:1:11006) null @ https://framerusercontent.com/sites/HpXkx7LMLmT5DJ5C7LTgx/script_main.BuIIUpYR.mjs:42
[    1619ms] [ERROR] Not signed in with the identity provider. @ https://mobbin.com/:0
[    3586ms] [LOG] [Framer On-Page Editing] Unavailable because not on a `framer.app` subdomain and access status is no-auth @ https://app.framerstatic.com/editorbar.75JIGA5K.mjs:0
